Archive member included to satisfy reference by file (symbol)

C:/ST/STM32CubeIDE_1.10.1/STM32CubeIDE/plugins/com.st.stm32cube.ide.mcu.externaltools.gnu-tools-for-stm32.12.3.rel1.win32_1.1.0.202410251130/tools/bin/../lib/gcc/arm-none-eabi/12.3.1/../../../../arm-none-eabi/lib/thumb/v7e-m+fp/hard\libc_nano.a(libc_a-atoi.o)
                              ./Core/Src/dac.o (atoi)
C:/ST/STM32CubeIDE_1.10.1/STM32CubeIDE/plugins/com.st.stm32cube.ide.mcu.externaltools.gnu-tools-for-stm32.12.3.rel1.win32_1.1.0.202410251130/tools/bin/../lib/gcc/arm-none-eabi/12.3.1/../../../../arm-none-eabi/lib/thumb/v7e-m+fp/hard\libc_nano.a(libc_a-exit.o)
                              C:/ST/STM32CubeIDE_1.10.1/STM32CubeIDE/plugins/com.st.stm32cube.ide.mcu.externaltools.gnu-tools-for-stm32.12.3.rel1.win32_1.1.0.202410251130/tools/bin/../lib/gcc/arm-none-eabi/12.3.1/../../../../arm-none-eabi/lib/thumb/v7e-m+fp/hard/crt0.o (exit)
C:/ST/STM32CubeIDE_1.10.1/STM32CubeIDE/plugins/com.st.stm32cube.ide.mcu.externaltools.gnu-tools-for-stm32.12.3.rel1.win32_1.1.0.202410251130/tools/bin/../lib/gcc/arm-none-eabi/12.3.1/../../../../arm-none-eabi/lib/thumb/v7e-m+fp/hard\libc_nano.a(libc_a-strtol.o)
                              C:/ST/STM32CubeIDE_1.10.1/STM32CubeIDE/plugins/com.st.stm32cube.ide.mcu.externaltools.gnu-tools-for-stm32.12.3.rel1.win32_1.1.0.202410251130/tools/bin/../lib/gcc/arm-none-eabi/12.3.1/../../../../arm-none-eabi/lib/thumb/v7e-m+fp/hard\libc_nano.a(libc_a-atoi.o) (_strtol_r)
C:/ST/STM32CubeIDE_1.10.1/STM32CubeIDE/plugins/com.st.stm32cube.ide.mcu.externaltools.gnu-tools-for-stm32.12.3.rel1.win32_1.1.0.202410251130/tools/bin/../lib/gcc/arm-none-eabi/12.3.1/../../../../arm-none-eabi/lib/thumb/v7e-m+fp/hard\libc_nano.a(libc_a-ctype_.o)
                              ./Core/Src/dac.o (_ctype_)
C:/ST/STM32CubeIDE_1.10.1/STM32CubeIDE/plugins/com.st.stm32cube.ide.mcu.externaltools.gnu-tools-for-stm32.12.3.rel1.win32_1.1.0.202410251130/tools/bin/../lib/gcc/arm-none-eabi/12.3.1/../../../../arm-none-eabi/lib/thumb/v7e-m+fp/hard\libc_nano.a(libc_a-findfp.o)
                              C:/ST/STM32CubeIDE_1.10.1/STM32CubeIDE/plugins/com.st.stm32cube.ide.mcu.externaltools.gnu-tools-for-stm32.12.3.rel1.win32_1.1.0.202410251130/tools/bin/../lib/gcc/arm-none-eabi/12.3.1/../../../../arm-none-eabi/lib/thumb/v7e-m+fp/hard\libc_nano.a(libc_a-exit.o) (__stdio_exit_handler)
C:/ST/STM32CubeIDE_1.10.1/STM32CubeIDE/plugins/com.st.stm32cube.ide.mcu.externaltools.gnu-tools-for-stm32.12.3.rel1.win32_1.1.0.202410251130/tools/bin/../lib/gcc/arm-none-eabi/12.3.1/../../../../arm-none-eabi/lib/thumb/v7e-m+fp/hard\libc_nano.a(libc_a-fwalk.o)
                              C:/ST/STM32CubeIDE_1.10.1/STM32CubeIDE/plugins/com.st.stm32cube.ide.mcu.externaltools.gnu-tools-for-stm32.12.3.rel1.win32_1.1.0.202410251130/tools/bin/../lib/gcc/arm-none-eabi/12.3.1/../../../../arm-none-eabi/lib/thumb/v7e-m+fp/hard\libc_nano.a(libc_a-findfp.o) (_fwalk_sglue)
C:/ST/STM32CubeIDE_1.10.1/STM32CubeIDE/plugins/com.st.stm32cube.ide.mcu.externaltools.gnu-tools-for-stm32.12.3.rel1.win32_1.1.0.202410251130/tools/bin/../lib/gcc/arm-none-eabi/12.3.1/../../../../arm-none-eabi/lib/thumb/v7e-m+fp/hard\libc_nano.a(libc_a-stdio.o)
                              C:/ST/STM32CubeIDE_1.10.1/STM32CubeIDE/plugins/com.st.stm32cube.ide.mcu.externaltools.gnu-tools-for-stm32.12.3.rel1.win32_1.1.0.202410251130/tools/bin/../lib/gcc/arm-none-eabi/12.3.1/../../../../arm-none-eabi/lib/thumb/v7e-m+fp/hard\libc_nano.a(libc_a-findfp.o) (__sread)
C:/ST/STM32CubeIDE_1.10.1/STM32CubeIDE/plugins/com.st.stm32cube.ide.mcu.externaltools.gnu-tools-for-stm32.12.3.rel1.win32_1.1.0.202410251130/tools/bin/../lib/gcc/arm-none-eabi/12.3.1/../../../../arm-none-eabi/lib/thumb/v7e-m+fp/hard\libc_nano.a(libc_a-memset.o)
                              C:/ST/STM32CubeIDE_1.10.1/STM32CubeIDE/plugins/com.st.stm32cube.ide.mcu.externaltools.gnu-tools-for-stm32.12.3.rel1.win32_1.1.0.202410251130/tools/bin/../lib/gcc/arm-none-eabi/12.3.1/../../../../arm-none-eabi/lib/thumb/v7e-m+fp/hard/crt0.o (memset)
C:/ST/STM32CubeIDE_1.10.1/STM32CubeIDE/plugins/com.st.stm32cube.ide.mcu.externaltools.gnu-tools-for-stm32.12.3.rel1.win32_1.1.0.202410251130/tools/bin/../lib/gcc/arm-none-eabi/12.3.1/../../../../arm-none-eabi/lib/thumb/v7e-m+fp/hard\libc_nano.a(libc_a-strncmp.o)
                              ./Core/Src/cli.o (strncmp)
C:/ST/STM32CubeIDE_1.10.1/STM32CubeIDE/plugins/com.st.stm32cube.ide.mcu.externaltools.gnu-tools-for-stm32.12.3.rel1.win32_1.1.0.202410251130/tools/bin/../lib/gcc/arm-none-eabi/12.3.1/../../../../arm-none-eabi/lib/thumb/v7e-m+fp/hard\libc_nano.a(libc_a-closer.o)
                              C:/ST/STM32CubeIDE_1.10.1/STM32CubeIDE/plugins/com.st.stm32cube.ide.mcu.externaltools.gnu-tools-for-stm32.12.3.rel1.win32_1.1.0.202410251130/tools/bin/../lib/gcc/arm-none-eabi/12.3.1/../../../../arm-none-eabi/lib/thumb/v7e-m+fp/hard\libc_nano.a(libc_a-stdio.o) (_close_r)
[...]
Memory Configuration

Name             Origin             Length             Attributes
RAM              0x20000000         0x00040000         xrw
FLASH            0x08000000         0x00040000         xr
*default*        0x00000000         0xffffffff

Linker script and memory map

LOAD C:/ST/STM32CubeIDE_1.10.1/STM32CubeIDE/plugins/com.st.stm32cube.ide.mcu.externaltools.gnu-tools-for-stm32.12.3.rel1.win32_1.1.0.202410251130/tools/bin/../lib/gcc/arm-none-eabi/12.3.1/thumb/v7e-m+fp/hard/crti.o
LOAD C:/ST/STM32CubeIDE_1.10.1/STM32CubeIDE/plugins/com.st.stm32cube.ide.mcu.externaltools.gnu-tools-for-stm32.12.3.rel1.win32_1.1.0.202410251130/tools/bin/../lib/gcc/arm-none-eabi/12.3.1/thumb/v7e-m+fp/hard/crtbegin.o
LOAD C:/ST/STM32CubeIDE_1.10.1/STM32CubeIDE/plugins/com.st.stm32cube.ide.mcu.externaltools.gnu-tools-for-stm32.12.3.rel1.win32_1.1.0.202410251130/tools/bin/../lib/gcc/arm-none-eabi/12.3.1/../../../../arm-none-eabi/lib/thumb/v7e-m+fp/hard/crt0.o
LOAD ./Core/Src/cli.o
LOAD ./Core/Src/dac.o
LOAD ./Core/Src/led.o
LOAD ./Core/Src/main.o
LOAD ./Core/Src/pci100.o
LOAD ./Core/Src/pex.o
LOAD ./Core/Src/stm32f7xx_hal_msp.o
LOAD ./Core/Src/stm32f7xx_it.o
LOAD ./Core/Src/syscalls.o
LOAD ./Core/Src/sysmem.o
LOAD ./Core/Src/system_stm32f7xx.o
LOAD ./Core/Src/utils.o
LOAD ./Core/Startup/startup_stm32f722rctx.o
LOAD ./Drivers/STM32F7xx_HAL_Driver/Src/stm32f7xx_hal.o
LOAD ./Drivers/STM32F7xx_HAL_Driver/Src/stm32f7xx_hal_adc.o
LOAD ./Drivers/STM32F7xx_HAL_Driver/Src/stm32f7xx_hal_adc_ex.o
LOAD ./Drivers/STM32F7xx_HAL_Driver/Src/stm32f7xx_hal_cortex.o
LOAD ./Drivers/STM32F7xx_HAL_Driver/Src/stm32f7xx_hal_dac.o
LOAD ./Drivers/STM32F7xx_HAL_Driver/Src/stm32f7xx_hal_dac_ex.o
LOAD ./Drivers/STM32F7xx_HAL_Driver/Src/stm32f7xx_hal_dma.o
LOAD ./Drivers/STM32F7xx_HAL_Driver/Src/stm32f7xx_hal_dma_ex.o
LOAD ./Drivers/STM32F7xx_HAL_Driver/Src/stm32f7xx_hal_exti.o
LOAD ./Drivers/STM32F7xx_HAL_Driver/Src/stm32f7xx_hal_flash.o
LOAD ./Drivers/STM32F7xx_HAL_Driver/Src/stm32f7xx_hal_flash_ex.o
LOAD ./Drivers/STM32F7xx_HAL_Driver/Src/stm32f7xx_hal_gpio.o
LOAD ./Drivers/STM32F7xx_HAL_Driver/Src/stm32f7xx_hal_i2c.o
LOAD ./Drivers/STM32F7xx_HAL_Driver/Src/stm32f7xx_hal_i2c_ex.o
LOAD ./Drivers/STM32F7xx_HAL_Driver/Src/stm32f7xx_hal_pwr.o
LOAD ./Drivers/STM32F7xx_HAL_Driver/Src/stm32f7xx_hal_pwr_ex.o
LOAD ./Drivers/STM32F7xx_HAL_Driver/Src/stm32f7xx_hal_rcc.o
LOAD ./Drivers/STM32F7xx_HAL_Driver/Src/stm32f7xx_hal_rcc_ex.o
LOAD ./Drivers/STM32F7xx_HAL_Driver/Src/stm32f7xx_hal_uart.o
LOAD ./Drivers/STM32F7xx_HAL_Driver/Src/stm32f7xx_hal_uart_ex.o
START GROUP
LOAD C:/ST/STM32CubeIDE_1.10.1/STM32CubeIDE/plugins/com.st.stm32cube.ide.mcu.externaltools.gnu-tools-for-stm32.12.3.rel1.win32_1.1.0.202410251130/tools/bin/../lib/gcc/arm-none-eabi/12.3.1/../../../../arm-none-eabi/lib/thumb/v7e-m+fp/hard\libc_nano.a
LOAD C:/ST/STM32CubeIDE_1.10.1/STM32CubeIDE/plugins/com.st.stm32cube.ide.mcu.externaltools.gnu-tools-for-stm32.12.3.rel1.win32_1.1.0.202410251130/tools/bin/../lib/gcc/arm-none-eabi/12.3.1/../../../../arm-none-eabi/lib/thumb/v7e-m+fp/hard\libm.a
END GROUP
START GROUP
LOAD C:/ST/STM32CubeIDE_1.10.1/STM32CubeIDE/plugins/com.st.stm32cube.ide.mcu.externaltools.gnu-tools-for-stm32.12.3.rel1.win32_1.1.0.202410251130/tools/bin/../lib/gcc/arm-none-eabi/12.3.1/thumb/v7e-m+fp/hard\libgcc.a
LOAD C:/ST/STM32CubeIDE_1.10.1/STM32CubeIDE/plugins/com.st.stm32cube.ide.mcu.externaltools.gnu-tools-for-stm32.12.3.rel1.win32_1.1.0.202410251130/tools/bin/../lib/gcc/arm-none-eabi/12.3.1/../../../../arm-none-eabi/lib/thumb/v7e-m+fp/hard\libc_nano.a
END GROUP
START GROUP
LOAD C:/ST/STM32CubeIDE_1.10.1/STM32CubeIDE/plugins/com.st.stm32cube.ide.mcu.externaltools.gnu-tools-for-stm32.12.3.rel1.win32_1.1.0.202410251130/tools/bin/../lib/gcc/arm-none-eabi/12.3.1/thumb/v7e-m+fp/hard\libgcc.a
LOAD C:/ST/STM32CubeIDE_1.10.1/STM32CubeIDE/plugins/com.st.stm32cube.ide.mcu.externaltools.gnu-tools-for-stm32.12.3.rel1.win32_1.1.0.202410251130/tools/bin/../lib/gcc/arm-none-eabi/12.3.1/../../../../arm-none-eabi/lib/thumb/v7e-m+fp/hard\libc_nano.a
LOAD C:/ST/STM32CubeIDE_1.10.1/STM32CubeIDE/plugins/com.st.stm32cube.ide.mcu.externaltools.gnu-tools-for-stm32.12.3.rel1.win32_1.1.0.202410251130/tools/bin/../lib/gcc/arm-none-eabi/12.3.1/../../../../arm-none-eabi/lib/thumb/v7e-m+fp/hard\libnosys.a
END GROUP
START GROUP
LOAD C:/ST/STM32CubeIDE_1.10.1/STM32CubeIDE/plugins/com.st.stm32cube.ide.mcu.externaltools.gnu-tools-for-stm32.12.3.rel1.win32_1.1.0.202410251130/tools/bin/../lib/gcc/arm-none-eabi/12.3.1/thumb/v7e-m+fp/hard\libgcc.a
LOAD C:/ST/STM32CubeIDE_1.10.1/STM32CubeIDE/plugins/com.st.stm32cube.ide.mcu.externaltools.gnu-tools-for-stm32.12.3.rel1.win32_1.1.0.202410251130/tools/bin/../lib/gcc/arm-none-eabi/12.3.1/../../../../arm-none-eabi/lib/thumb/v7e-m+fp/hard\libc_nano.a
LOAD C:/ST/STM32CubeIDE_1.10.1/STM32CubeIDE/plugins/com.st.stm32cube.ide.mcu.externaltools.gnu-tools-for-stm32.12.3.rel1.win32_1.1.0.202410251130/tools/bin/../lib/gcc/arm-none-eabi/12.3.1/../../../../arm-none-eabi/lib/thumb/v7e-m+fp/hard\libnosys.a
END GROUP
LOAD C:/ST/STM32CubeIDE_1.10.1/STM32CubeIDE/plugins/com.st.stm32cube.ide.mcu.externaltools.gnu-tools-for-stm32.12.3.rel1.win32_1.1.0.202410251130/tools/bin/../lib/gcc/arm-none-eabi/12.3.1/thumb/v7e-m+fp/hard/crtend.o
LOAD C:/ST/STM32CubeIDE_1.10.1/STM32CubeIDE/plugins/com.st.stm32cube.ide.mcu.externaltools.gnu-tools-for-stm32.12.3.rel1.win32_1.1.0.202410251130/tools/bin/../lib/gcc/arm-none-eabi/12.3.1/thumb/v7e-m+fp/hard/crtn.o
                0x20040000                        _estack = (ORIGIN (RAM) + LENGTH (RAM))
                0x00000200                        _Min_Heap_Size = 0x200
                0x00000400                        _Min_Stack_Size = 0x400

.isr_vector     0x08000000      0x1e0
                0x08000000                        . = ALIGN (0x4)
 *(.isr_vector)
 .isr_vector    0x08000000      0x1e0 ./Core/Startup/startup_stm32f722rctx.o
                0x08000000                g_pfnVectors
                0x080001e0                        . = ALIGN (0x4)

.text           0x080001e0     0x556c
                0x080001e0                        . = ALIGN (0x4)
 *(.text)
 .text          0x080001e0       0x40 C:/ST/STM32CubeIDE_1.10.1/STM32CubeIDE/plugins/com.st.stm32cube.ide.mcu.externaltools.gnu-tools-for-stm32.12.3.rel1.win32_1.1.0.202410251130/tools/bin/../lib/gcc/arm-none-eabi/12.3.1/thumb/v7e-m+fp/hard/crtbegin.o
 .text          0x08000220       0x14 C:/ST/STM32CubeIDE_1.10.1/STM32CubeIDE/plugins/com.st.stm32cube.ide.mcu.externaltools.gnu-tools-for-stm32.12.3.rel1.win32_1.1.0.202410251130/tools/bin/../lib/gcc/arm-none-eabi/12.3.1/../../../../arm-none-eabi/lib/thumb/v7e-m+fp/hard\libc_nano.a(libc_a-strcmp.o)
                0x08000220                strcmp
 .text          0x08000234       0x10 C:/ST/STM32CubeIDE_1.10.1/STM32CubeIDE/plugins/com.st.stm32cube.ide.mcu.externaltools.gnu-tools-for-stm32.12.3.rel1.win32_1.1.0.202410251130/tools/bin/../lib/gcc/arm-none-eabi/12.3.1/../../../../arm-none-eabi/lib/thumb/v7e-m+fp/hard\libc_nano.a(libc_a-strlen.o)
                0x08000234                strlen
 .text          0x08000244       0x30 C:/ST/STM32CubeIDE_1.10.1/STM32CubeIDE/plugins/com.st.stm32cube.ide.mcu.externaltools.gnu-tools-for-stm32.12.3.rel1.win32_1.1.0.202410251130/tools/bin/../lib/gcc/arm-none-eabi/12.3.1/thumb/v7e-m+fp/hard\libgcc.a(_aeabi_uldivmod.o)
                0x08000244                __aeabi_uldivmod
 .text          0x08000274      0x2bc C:/ST/STM32CubeIDE_1.10.1/STM32CubeIDE/plugins/com.st.stm32cube.ide.mcu.externaltools.gnu-tools-for-stm32.12.3.rel1.win32_1.1.0.202410251130/tools/bin/../lib/gcc/arm-none-eabi/12.3.1/thumb/v7e-m+fp/hard\libgcc.a(_udivmoddi4.o)
                0x08000274                __udivmoddi4
 .text          0x08000530        0x4 C:/ST/STM32CubeIDE_1.10.1/STM32CubeIDE/plugins/com.st.stm32cube.ide.mcu.externaltools.gnu-tools-for-stm32.12.3.rel1.win32_1.1.0.202410251130/tools/bin/../lib/gcc/arm-none-eabi/12.3.1/thumb/v7e-m+fp/hard\libgcc.a(_dvmd_tls.o)
                0x08000530                __aeabi_idiv0
                0x08000530                __aeabi_ldiv0
 *(.text*)
 .text.cli_engine
                0x08000534       0xb8 ./Core/Src/cli.o
                0x08000534                cli_engine
 .text.cli_writeline
                0x080005ec       0x20 ./Core/Src/cli.o
                0x080005ec                cli_writeline
 .text.cli_puts
                0x0800060c       0x26 ./Core/Src/cli.o
                0x0800060c                cli_puts
 *fill*         0x08000632        0x2 
 .text.cli_putnl
                0x08000634       0x20 ./Core/Src/cli.o
                0x08000634                cli_putnl
 .text.starts_with
                0x08000654       0x30 ./Core/Src/cli.o
                0x08000654                starts_with
 .text.dac_write
                0x08000684       0x24 ./Core/Src/dac.o
 .text.parse_expr
                0x080006a8       0x54 ./Core/Src/dac.o
 .text.dac_message_handler
                0x080006fc       0x78 ./Core/Src/dac.o
                0x080006fc                dac_message_handler
 .text.get_led_mode
                0x08000774       0x48 ./Core/Src/led.o
 .text.blink_led
                0x080007bc       0x50 ./Core/Src/led.o
                0x080007bc                blink_led
 .text.set_led_config
                0x0800080c      0x184 ./Core/Src/led.o
                0x0800080c                set_led_config
 .text.parse_set_expr
                0x08000990       0x78 ./Core/Src/led.o
 .text.led_blink_handler
                0x08000a08       0xc8 ./Core/Src/led.o
 .text.led_message_handler
                0x08000ad0      0x110 ./Core/Src/led.o
                0x08000ad0                led_message_handler
 .text.main     0x08000be0       0x40 ./Core/Src/main.o
                0x08000be0                main
 .text.SystemClock_Config
                0x08000c20       0xb8 ./Core/Src/main.o
                0x08000c20                SystemClock_Config
 .text.MX_ADC1_Init
                0x08000cd8       0xa4 ./Core/Src/main.o
 .text.MX_DAC_Init
                0x08000d7c       0x54 ./Core/Src/main.o
 .text.MX_I2C1_Init
                0x08000dd0       0x80 ./Core/Src/main.o
 .text.MX_USART1_UART_Init
                0x08000e50       0x60 ./Core/Src/main.o
 .text.MX_DMA_Init
                0x08000eb0       0x4c ./Core/Src/main.o
 .text.MX_GPIO_Init
                0x08000efc      0x140 ./Core/Src/main.o
 .text.MPU_Config
                0x0800103c       0x58 ./Core/Src/main.o
 .text.Error_Handler
                0x08001094        0xc ./Core/Src/main.o
                0x08001094                Error_Handler
 .text.pci100_message_handler
                0x080010a0       0x94 ./Core/Src/pci100.o
                0x080010a0                pci100_message_handler
 .text.pci100_cli
                0x08001134       0x28 ./Core/Src/pci100.o
                0x08001134                pci100_cli
 .text.command_not_found_handler
                0x0800115c       0x24 ./Core/Src/pci100.o
                0x0800115c                command_not_found_handler
 .text.HAL_MspInit
                0x08001180       0x48 ./Core/Src/stm32f7xx_hal_msp.o
                0x08001180                HAL_MspInit
 .text.HAL_ADC_MspInit
                0x080011c8       0x80 ./Core/Src/stm32f7xx_hal_msp.o
                0x080011c8                HAL_ADC_MspInit
 .text.HAL_DAC_MspInit
                0x08001248       0x80 ./Core/Src/stm32f7xx_hal_msp.o
                0x08001248                HAL_DAC_MspInit
 .text.HAL_I2C_MspInit
                0x080012c8      0x1a8 ./Core/Src/stm32f7xx_hal_msp.o
                0x080012c8                HAL_I2C_MspInit
 .text.HAL_UART_MspInit
                0x08001470       0xbc ./Core/Src/stm32f7xx_hal_msp.o
                0x08001470                HAL_UART_MspInit
 .text.NMI_Handler
                0x0800152c        0x8 ./Core/Src/stm32f7xx_it.o
                0x0800152c                NMI_Handler
 .text.HardFault_Handler
                0x08001534        0x8 ./Core/Src/stm32f7xx_it.o
                0x08001534                HardFault_Handler
 .text.MemManage_Handler
                0x0800153c        0x8 ./Core/Src/stm32f7xx_it.o
                0x0800153c                MemManage_Handler
 .text.BusFault_Handler
                0x08001544        0x8 ./Core/Src/stm32f7xx_it.o
                0x08001544                BusFault_Handler
 .text.UsageFault_Handler
                0x0800154c        0x8 ./Core/Src/stm32f7xx_it.o
                0x0800154c                UsageFault_Handler
 .text.SVC_Handler
                0x08001554        0xe ./Core/Src/stm32f7xx_it.o
                0x08001554                SVC_Handler
 .text.DebugMon_Handler
                0x08001562        0xe ./Core/Src/stm32f7xx_it.o
                0x08001562                DebugMon_Handler
 .text.PendSV_Handler
                0x08001570        0xe ./Core/Src/stm32f7xx_it.o
                0x08001570                PendSV_Handler
 .text.SysTick_Handler
                0x0800157e        0xc ./Core/Src/stm32f7xx_it.o
                0x0800157e                SysTick_Handler
 *fill*         0x0800158a        0x2 
 .text.DMA1_Stream0_IRQHandler
                0x0800158c       0x14 ./Core/Src/stm32f7xx_it.o
                0x0800158c                DMA1_Stream0_IRQHandler
 .text.DMA1_Stream6_IRQHandler
                0x080015a0       0x14 ./Core/Src/stm32f7xx_it.o
                0x080015a0                DMA1_Stream6_IRQHandler
 .text.I2C1_EV_IRQHandler
                0x080015b4       0x14 ./Core/Src/stm32f7xx_it.o
                0x080015b4                I2C1_EV_IRQHandler
 .text.I2C1_ER_IRQHandler
                0x080015c8       0x14 ./Core/Src/stm32f7xx_it.o
                0x080015c8                I2C1_ER_IRQHandler
 .text.SystemInit
                0x080015dc       0x24 ./Core/Src/system_stm32f7xx.o
                0x080015dc                SystemInit
 .text.static_itoa
                0x08001600       0xb4 ./Core/Src/utils.o
                0x08001600                static_itoa
 .text.Reset_Handler
                0x080016b4       0x50 ./Core/Startup/startup_stm32f722rctx.o
                0x080016b4                Reset_Handler
 .text.Default_Handler
                0x08001704        0x2 ./Core/Startup/startup_stm32f722rctx.o
                0x08001704                RTC_Alarm_IRQHandler
                0x08001704                EXTI2_IRQHandler
                0x08001704                TIM8_CC_IRQHandler
                0x08001704                UART8_IRQHandler
                0x08001704                SPI4_IRQHandler
                0x08001704                TIM1_CC_IRQHandler
                0x08001704                DMA2_Stream5_IRQHandler
                0x08001704                DMA1_Stream5_IRQHandler
                0x08001704                PVD_IRQHandler
                0x08001704                TAMP_STAMP_IRQHandler
                0x08001704                EXTI3_IRQHandler
                0x08001704                TIM8_TRG_COM_TIM14_IRQHandler
                0x08001704                TIM1_UP_TIM10_IRQHandler
                0x08001704                TIM8_UP_TIM13_IRQHandler
                0x08001704                I2C3_ER_IRQHandler
                0x08001704                EXTI0_IRQHandler
                0x08001704                I2C2_EV_IRQHandler
                0x08001704                DMA1_Stream2_IRQHandler
                0x08001704                CAN1_RX0_IRQHandler
                0x08001704                FPU_IRQHandler
                0x08001704                OTG_HS_WKUP_IRQHandler
                0x08001704                DMA2_Stream2_IRQHandler
                0x08001704                SPI1_IRQHandler
                0x08001704                TIM6_DAC_IRQHandler
                0x08001704                TIM1_BRK_TIM9_IRQHandler
                0x08001704                DMA2_Stream3_IRQHandler
                0x08001704                SAI2_IRQHandler
                0x08001704                USART6_IRQHandler
                0x08001704                USART3_IRQHandler
                0x08001704                CAN1_RX1_IRQHandler
                0x08001704                UART5_IRQHandler
                0x08001704                DMA2_Stream0_IRQHandler
                0x08001704                TIM4_IRQHandler
                0x08001704                QUADSPI_IRQHandler
                0x08001704                DMA1_Stream1_IRQHandler
                0x08001704                UART4_IRQHandler
                0x08001704                TIM3_IRQHandler
                0x08001704                RCC_IRQHandler
                0x08001704                TIM8_BRK_TIM12_IRQHandler
                0x08001704                Default_Handler
                0x08001704                EXTI15_10_IRQHandler
                0x08001704                ADC_IRQHandler
                0x08001704                DMA1_Stream7_IRQHandler
                0x08001704                SPI5_IRQHandler
                0x08001704                TIM7_IRQHandler
                0x08001704                SDMMC1_IRQHandler
                0x08001704                TIM5_IRQHandler
                0x08001704                DMA2_Stream7_IRQHandler
                0x08001704                I2C3_EV_IRQHandler
                0x08001704                EXTI9_5_IRQHandler
                0x08001704                RTC_WKUP_IRQHandler
                0x08001704                SPI2_IRQHandler
                0x08001704                OTG_HS_EP1_IN_IRQHandler
                0x08001704                CAN1_TX_IRQHandler
                0x08001704                EXTI4_IRQHandler
                0x08001704                RNG_IRQHandler
                0x08001704                OTG_HS_EP1_OUT_IRQHandler
                0x08001704                WWDG_IRQHandler
                0x08001704                TIM2_IRQHandler
                0x08001704                OTG_FS_WKUP_IRQHandler
                0x08001704                TIM1_TRG_COM_TIM11_IRQHandler
                0x08001704                OTG_HS_IRQHandler
                0x08001704                EXTI1_IRQHandler
                0x08001704                SDMMC2_IRQHandler
                0x08001704                UART7_IRQHandler
                0x08001704                USART2_IRQHandler
                0x08001704                I2C2_ER_IRQHandler
                0x08001704                DMA2_Stream1_IRQHandler
                0x08001704                CAN1_SCE_IRQHandler
                0x08001704                FLASH_IRQHandler
                0x08001704                DMA2_Stream4_IRQHandler
                0x08001704                USART1_IRQHandler
                0x08001704                OTG_FS_IRQHandler
                0x08001704                SPI3_IRQHandler
                0x08001704                DMA1_Stream4_IRQHandler
                0x08001704                FMC_IRQHandler
                0x08001704                LPTIM1_IRQHandler
                0x08001704                DMA2_Stream6_IRQHandler
                0x08001704                SAI1_IRQHandler
                0x08001704                DMA1_Stream3_IRQHandler
 .text.HAL_Init
                0x08001706       0x1a ./Drivers/STM32F7xx_HAL_Driver/Src/stm32f7xx_hal.o
                0x08001706                HAL_Init
 .text.HAL_InitTick
                0x08001720       0x60 ./Drivers/STM32F7xx_HAL_Driver/Src/stm32f7xx_hal.o
                0x08001720                HAL_InitTick
 .text.HAL_IncTick
                0x08001780       0x28 ./Drivers/STM32F7xx_HAL_Driver/Src/stm32f7xx_hal.o
                0x08001780                HAL_IncTick
 .text.HAL_GetTick
                0x080017a8       0x18 ./Drivers/STM32F7xx_HAL_Driver/Src/stm32f7xx_hal.o
                0x080017a8                HAL_GetTick
 .text.HAL_ADC_Init
                0x080017c0       0x88 ./Drivers/STM32F7xx_HAL_Driver/Src/stm32f7xx_hal_adc.o
                0x080017c0                HAL_ADC_Init
 .text.HAL_ADC_ConfigChannel
                0x08001848      0x2ac ./Drivers/STM32F7xx_HAL_Driver/Src/stm32f7xx_hal_adc.o
                0x08001848                HAL_ADC_ConfigChannel
 .text.ADC_Init
                0x08001af4      0x1f4 ./Drivers/STM32F7xx_HAL_Driver/Src/stm32f7xx_hal_adc.o
 .text.__NVIC_SetPriorityGrouping
                0x08001ce8       0x48 ./Drivers/STM32F7xx_HAL_Driver/Src/stm32f7xx_hal_cortex.o
 .text.__NVIC_GetPriorityGrouping
                0x08001d30       0x1c ./Drivers/STM32F7xx_HAL_Driver/Src/stm32f7xx_hal_cortex.o
 .text.__NVIC_EnableIRQ
                0x08001d4c       0x3c ./Drivers/STM32F7xx_HAL_Driver/Src/stm32f7xx_hal_cortex.o
 .text.__NVIC_SetPriority
                0x08001d88       0x54 ./Drivers/STM32F7xx_HAL_Driver/Src/stm32f7xx_hal_cortex.o
 .text.NVIC_EncodePriority
                0x08001ddc       0x66 ./Drivers/STM32F7xx_HAL_Driver/Src/stm32f7xx_hal_cortex.o
 *fill*         0x08001e42        0x2 
 .text.SysTick_Config
                0x08001e44       0x44 ./Drivers/STM32F7xx_HAL_Driver/Src/stm32f7xx_hal_cortex.o
 .text.HAL_NVIC_SetPriorityGrouping
                0x08001e88       0x16 ./Drivers/STM32F7xx_HAL_Driver/Src/stm32f7xx_hal_cortex.o
                0x08001e88                HAL_NVIC_SetPriorityGrouping
 .text.HAL_NVIC_SetPriority
                0x08001e9e       0x38 ./Drivers/STM32F7xx_HAL_Driver/Src/stm32f7xx_hal_cortex.o
                0x08001e9e                HAL_NVIC_SetPriority
 .text.HAL_NVIC_EnableIRQ
                0x08001ed6       0x1c ./Drivers/STM32F7xx_HAL_Driver/Src/stm32f7xx_hal_cortex.o
                0x08001ed6                HAL_NVIC_EnableIRQ
 .text.HAL_SYSTICK_Config
                0x08001ef2       0x18 ./Drivers/STM32F7xx_HAL_Driver/Src/stm32f7xx_hal_cortex.o
                0x08001ef2                HAL_SYSTICK_Config
 *fill*         0x08001f0a        0x2 
 .text.HAL_MPU_Disable
                0x08001f0c       0x30 ./Drivers/STM32F7xx_HAL_Driver/Src/stm32f7xx_hal_cortex.o
                0x08001f0c                HAL_MPU_Disable
 .text.HAL_MPU_Enable
                0x08001f3c       0x40 ./Drivers/STM32F7xx_HAL_Driver/Src/stm32f7xx_hal_cortex.o
                0x08001f3c                HAL_MPU_Enable
 .text.HAL_MPU_ConfigRegion
                0x08001f7c       0x80 ./Drivers/STM32F7xx_HAL_Driver/Src/stm32f7xx_hal_cortex.o
                0x08001f7c                HAL_MPU_ConfigRegion
 .text.HAL_DAC_Init
                0x08001ffc       0x44 ./Drivers/STM32F7xx_HAL_Driver/Src/stm32f7xx_hal_dac.o
                0x08001ffc                HAL_DAC_Init
 .text.HAL_DAC_Start
                0x08002040       0xae ./Drivers/STM32F7xx_HAL_Driver/Src/stm32f7xx_hal_dac.o
                0x08002040                HAL_DAC_Start
 .text.HAL_DAC_SetValue
                0x080020ee       0x54 ./Drivers/STM32F7xx_HAL_Driver/Src/stm32f7xx_hal_dac.o
                0x080020ee                HAL_DAC_SetValue
 .text.HAL_DAC_ConfigChannel
                0x08002142       0xb2 ./Drivers/STM32F7xx_HAL_Driver/Src/stm32f7xx_hal_dac.o
                0x08002142                HAL_DAC_ConfigChannel
 .text.HAL_DMA_Init
                0x080021f4      0x15c ./Drivers/STM32F7xx_HAL_Driver/Src/stm32f7xx_hal_dma.o
                0x080021f4                HAL_DMA_Init
 .text.HAL_DMA_Abort_IT
                0x08002350       0x44 ./Drivers/STM32F7xx_HAL_Driver/Src/stm32f7xx_hal_dma.o
                0x08002350                HAL_DMA_Abort_IT
 .text.HAL_DMA_IRQHandler
                0x08002394      0x314 ./Drivers/STM32F7xx_HAL_Driver/Src/stm32f7xx_hal_dma.o
                0x08002394                HAL_DMA_IRQHandler
 .text.HAL_DMA_GetState
                0x080026a8       0x1c ./Drivers/STM32F7xx_HAL_Driver/Src/stm32f7xx_hal_dma.o
                0x080026a8                HAL_DMA_GetState
 .text.DMA_CalcBaseAndBitshift
                0x080026c4       0x6c ./Drivers/STM32F7xx_HAL_Driver/Src/stm32f7xx_hal_dma.o
 .text.DMA_CheckFifoParam
                0x08002730       0xf8 ./Drivers/STM32F7xx_HAL_Driver/Src/stm32f7xx_hal_dma.o
 .text.HAL_GPIO_Init
                0x08002828      0x338 ./Drivers/STM32F7xx_HAL_Driver/Src/stm32f7xx_hal_gpio.o
                0x08002828                HAL_GPIO_Init
 .text.HAL_GPIO_ReadPin
                0x08002b60       0x30 ./Drivers/STM32F7xx_HAL_Driver/Src/stm32f7xx_hal_gpio.o
                0x08002b60                HAL_GPIO_ReadPin
 .text.HAL_GPIO_WritePin
                0x08002b90       0x32 ./Drivers/STM32F7xx_HAL_Driver/Src/stm32f7xx_hal_gpio.o
                0x08002b90                HAL_GPIO_WritePin
 .text.HAL_GPIO_TogglePin
                0x08002bc2       0x34 ./Drivers/STM32F7xx_HAL_Driver/Src/stm32f7xx_hal_gpio.o
                0x08002bc2                HAL_GPIO_TogglePin
 *fill*         0x08002bf6        0x2 
 .text.HAL_I2C_Init
                0x08002bf8      0x138 ./Drivers/STM32F7xx_HAL_Driver/Src/stm32f7xx_hal_i2c.o
                0x08002bf8                HAL_I2C_Init
 .text.HAL_I2C_EV_IRQHandler
                0x08002d30       0x34 ./Drivers/STM32F7xx_HAL_Driver/Src/stm32f7xx_hal_i2c.o
                0x08002d30                HAL_I2C_EV_IRQHandler
 .text.HAL_I2C_ER_IRQHandler
                0x08002d64       0xb6 ./Drivers/STM32F7xx_HAL_Driver/Src/stm32f7xx_hal_i2c.o
                0x08002d64                HAL_I2C_ER_IRQHandler
 .text.HAL_I2C_SlaveTxCpltCallback
                0x08002e1a       0x14 ./Drivers/STM32F7xx_HAL_Driver/Src/stm32f7xx_hal_i2c.o
                0x08002e1a                HAL_I2C_SlaveTxCpltCallback
 .text.HAL_I2C_SlaveRxCpltCallback
                0x08002e2e       0x14 ./Drivers/STM32F7xx_HAL_Driver/Src/stm32f7xx_hal_i2c.o
                0x08002e2e                HAL_I2C_SlaveRxCpltCallback
 .text.HAL_I2C_AddrCallback
                0x08002e42       0x1c ./Drivers/STM32F7xx_HAL_Driver/Src/stm32f7xx_hal_i2c.o
                0x08002e42                HAL_I2C_AddrCallback
 .text.HAL_I2C_ListenCpltCallback
                0x08002e5e       0x14 ./Drivers/STM32F7xx_HAL_Driver/Src/stm32f7xx_hal_i2c.o
                0x08002e5e                HAL_I2C_ListenCpltCallback
 .text.HAL_I2C_ErrorCallback
                0x08002e72       0x14 ./Drivers/STM32F7xx_HAL_Driver/Src/stm32f7xx_hal_i2c.o
                0x08002e72                HAL_I2C_ErrorCallback
 .text.HAL_I2C_AbortCpltCallback
                0x08002e86       0x14 ./Drivers/STM32F7xx_HAL_Driver/Src/stm32f7xx_hal_i2c.o
                0x08002e86                HAL_I2C_AbortCpltCallback
 .text.I2C_Slave_ISR_IT
                0x08002e9a      0x1f2 ./Drivers/STM32F7xx_HAL_Driver/Src/stm32f7xx_hal_i2c.o
 .text.I2C_ITAddrCplt
                0x0800308c      0x108 ./Drivers/STM32F7xx_HAL_Driver/Src/stm32f7xx_hal_i2c.o
 .text.I2C_ITSlaveSeqCplt
                0x08003194       0xb8 ./Drivers/STM32F7xx_HAL_Driver/Src/stm32f7xx_hal_i2c.o
 .text.I2C_ITSlaveCplt
                0x0800324c      0x2c8 ./Drivers/STM32F7xx_HAL_Driver/Src/stm32f7xx_hal_i2c.o
 .text.I2C_ITListenCplt
                0x08003514       0xa8 ./Drivers/STM32F7xx_HAL_Driver/Src/stm32f7xx_hal_i2c.o
 .text.I2C_ITError
                0x080035bc      0x1e0 ./Drivers/STM32F7xx_HAL_Driver/Src/stm32f7xx_hal_i2c.o
 .text.I2C_TreatErrorCallback
                0x0800379c       0x4e ./Drivers/STM32F7xx_HAL_Driver/Src/stm32f7xx_hal_i2c.o
 .text.I2C_Flush_TXDR
                0x080037ea       0x48 ./Drivers/STM32F7xx_HAL_Driver/Src/stm32f7xx_hal_i2c.o
 .text.I2C_DMAAbort
                0x08003832       0x3c ./Drivers/STM32F7xx_HAL_Driver/Src/stm32f7xx_hal_i2c.o
 .text.I2C_Disable_IRQ
                0x0800386e       0xbc ./Drivers/STM32F7xx_HAL_Driver/Src/stm32f7xx_hal_i2c.o
 .text.HAL_I2CEx_ConfigAnalogFilter
                0x0800392a       0x96 ./Drivers/STM32F7xx_HAL_Driver/Src/stm32f7xx_hal_i2c_ex.o
                0x0800392a                HAL_I2CEx_ConfigAnalogFilter
 .text.HAL_I2CEx_ConfigDigitalFilter
                0x080039c0       0x98 ./Drivers/STM32F7xx_HAL_Driver/Src/stm32f7xx_hal_i2c_ex.o
                0x080039c0                HAL_I2CEx_ConfigDigitalFilter
 .text.HAL_RCC_OscConfig
                0x08003a58      0x548 ./Drivers/STM32F7xx_HAL_Driver/Src/stm32f7xx_hal_rcc.o
                0x08003a58                HAL_RCC_OscConfig
 .text.HAL_RCC_ClockConfig
                0x08003fa0      0x1d8 ./Drivers/STM32F7xx_HAL_Driver/Src/stm32f7xx_hal_rcc.o
                0x08003fa0                HAL_RCC_ClockConfig
 .text.HAL_RCC_GetSysClockFreq
                0x08004178      0x18c ./Drivers/STM32F7xx_HAL_Driver/Src/stm32f7xx_hal_rcc.o
                0x08004178                HAL_RCC_GetSysClockFreq
 .text.HAL_RCC_GetHCLKFreq
                0x08004304       0x18 ./Drivers/STM32F7xx_HAL_Driver/Src/stm32f7xx_hal_rcc.o
                0x08004304                HAL_RCC_GetHCLKFreq
 .text.HAL_RCC_GetPCLK1Freq
                0x0800431c       0x28 ./Drivers/STM32F7xx_HAL_Driver/Src/stm32f7xx_hal_rcc.o
                0x0800431c                HAL_RCC_GetPCLK1Freq
 .text.HAL_RCC_GetPCLK2Freq
                0x08004344       0x28 ./Drivers/STM32F7xx_HAL_Driver/Src/stm32f7xx_hal_rcc.o
                0x08004344                HAL_RCC_GetPCLK2Freq
 .text.HAL_RCCEx_PeriphCLKConfig
                0x0800436c      0x694 ./Drivers/STM32F7xx_HAL_Driver/Src/stm32f7xx_hal_rcc_ex.o
                0x0800436c                HAL_RCCEx_PeriphCLKConfig
 .text.HAL_UART_Init
                0x08004a00       0x9c ./Drivers/STM32F7xx_HAL_Driver/Src/stm32f7xx_hal_uart.o
                0x08004a00                HAL_UART_Init
 .text.HAL_UART_Transmit
                0x08004a9c      0x112 ./Drivers/STM32F7xx_HAL_Driver/Src/stm32f7xx_hal_uart.o
                0x08004a9c                HAL_UART_Transmit
 .text.HAL_UART_Receive
                0x08004bae      0x190 ./Drivers/STM32F7xx_HAL_Driver/Src/stm32f7xx_hal_uart.o
                0x08004bae                HAL_UART_Receive
 *fill*         0x08004d3e        0x2 
 .text.UART_SetConfig
                0x08004d40      0x4c8 ./Drivers/STM32F7xx_HAL_Driver/Src/stm32f7xx_hal_uart.o
                0x08004d40                UART_SetConfig
 .text.UART_AdvFeatureConfig
                0x08005208      0x144 ./Drivers/STM32F7xx_HAL_Driver/Src/stm32f7xx_hal_uart.o
                0x08005208                UART_AdvFeatureConfig
 .text.UART_CheckIdleState
                0x0800534c       0xae ./Drivers/STM32F7xx_HAL_Driver/Src/stm32f7xx_hal_uart.o
                0x0800534c                UART_CheckIdleState
 .text.UART_WaitOnFlagUntilTimeout
                0x080053fa       0xda ./Drivers/STM32F7xx_HAL_Driver/Src/stm32f7xx_hal_uart.o
                0x080053fa                UART_WaitOnFlagUntilTimeout
 .text.UART_EndRxTransfer
                0x080054d4       0xc8 ./Drivers/STM32F7xx_HAL_Driver/Src/stm32f7xx_hal_uart.o
 .text.atoi     0x0800559c        0x8 C:/ST/STM32CubeIDE_1.10.1/STM32CubeIDE/plugins/com.st.stm32cube.ide.mcu.externaltools.gnu-tools-for-stm32.12.3.rel1.win32_1.1.0.202410251130/tools/bin/../lib/gcc/arm-none-eabi/12.3.1/../../../../arm-none-eabi/lib/thumb/v7e-m+fp/hard\libc_nano.a(libc_a-atoi.o)
                0x0800559c                atoi
 .text._strtol_l.constprop.0
                0x080055a4       0xf4 C:/ST/STM32CubeIDE_1.10.1/STM32CubeIDE/plugins/com.st.stm32cube.ide.mcu.externaltools.gnu-tools-for-stm32.12.3.rel1.win32_1.1.0.202410251130/tools/bin/../lib/gcc/arm-none-eabi/12.3.1/../../../../arm-none-eabi/lib/thumb/v7e-m+fp/hard\libc_nano.a(libc_a-strtol.o)
 .text.strtol   0x08005698       0x14 C:/ST/STM32CubeIDE_1.10.1/STM32CubeIDE/plugins/com.st.stm32cube.ide.mcu.externaltools.gnu-tools-for-stm32.12.3.rel1.win32_1.1.0.202410251130/tools/bin/../lib/gcc/arm-none-eabi/12.3.1/../../../../arm-none-eabi/lib/thumb/v7e-m+fp/hard\libc_nano.a(libc_a-strtol.o)
                0x08005698                strtol
 .text.memset   0x080056ac       0x10 C:/ST/STM32CubeIDE_1.10.1/STM32CubeIDE/plugins/com.st.stm32cube.ide.mcu.externaltools.gnu-tools-for-stm32.12.3.rel1.win32_1.1.0.202410251130/tools/bin/../lib/gcc/arm-none-eabi/12.3.1/../../../../arm-none-eabi/lib/thumb/v7e-m+fp/hard\libc_nano.a(libc_a-memset.o)
                0x080056ac                memset
 .text.strncmp  0x080056bc       0x24 C:/ST/STM32CubeIDE_1.10.1/STM32CubeIDE/plugins/com.st.stm32cube.ide.mcu.externaltools.gnu-tools-for-stm32.12.3.rel1.win32_1.1.0.202410251130/tools/bin/../lib/gcc/arm-none-eabi/12.3.1/../../../../arm-none-eabi/lib/thumb/v7e-m+fp/hard\libc_nano.a(libc_a-strncmp.o)
                0x080056bc                strncmp
 .text.__errno  0x080056e0        0xc C:/ST/STM32CubeIDE_1.10.1/STM32CubeIDE/plugins/com.st.stm32cube.ide.mcu.externaltools.gnu-tools-for-stm32.12.3.rel1.win32_1.1.0.202410251130/tools/bin/../lib/gcc/arm-none-eabi/12.3.1/../../../../arm-none-eabi/lib/thumb/v7e-m+fp/hard\libc_nano.a(libc_a-errno.o)
                0x080056e0                __errno
 .text.__libc_init_array
                0x080056ec       0x48 C:/ST/STM32CubeIDE_1.10.1/STM32CubeIDE/plugins/com.st.stm32cube.ide.mcu.externaltools.gnu-tools-for-stm32.12.3.rel1.win32_1.1.0.202410251130/tools/bin/../lib/gcc/arm-none-eabi/12.3.1/../../../../arm-none-eabi/lib/thumb/v7e-m+fp/hard\libc_nano.a(libc_a-init.o)
                0x080056ec                __libc_init_array
 *(.glue_7)
 .glue_7        0x08005734        0x0 linker stubs
 *(.glue_7t)
 .glue_7t       0x08005734        0x0 linker stubs
 *(.eh_frame)
 .eh_frame      0x08005734        0x0 C:/ST/STM32CubeIDE_1.10.1/STM32CubeIDE/plugins/com.st.stm32cube.ide.mcu.externaltools.gnu-tools-for-stm32.12.3.rel1.win32_1.1.0.202410251130/tools/bin/../lib/gcc/arm-none-eabi/12.3.1/thumb/v7e-m+fp/hard/crtbegin.o
 *(.init)
 .init          0x08005734        0x4 C:/ST/STM32CubeIDE_1.10.1/STM32CubeIDE/plugins/com.st.stm32cube.ide.mcu.externaltools.gnu-tools-for-stm32.12.3.rel1.win32_1.1.0.202410251130/tools/bin/../lib/gcc/arm-none-eabi/12.3.1/thumb/v7e-m+fp/hard/crti.o
                0x08005734                _init
 .init          0x08005738        0x8 C:/ST/STM32CubeIDE_1.10.1/STM32CubeIDE/plugins/com.st.stm32cube.ide.mcu.externaltools.gnu-tools-for-stm32.12.3.rel1.win32_1.1.0.202410251130/tools/bin/../lib/gcc/arm-none-eabi/12.3.1/thumb/v7e-m+fp/hard/crtn.o
 *(.fini)
 .fini          0x08005740        0x4 C:/ST/STM32CubeIDE_1.10.1/STM32CubeIDE/plugins/com.st.stm32cube.ide.mcu.externaltools.gnu-tools-for-stm32.12.3.rel1.win32_1.1.0.202410251130/tools/bin/../lib/gcc/arm-none-eabi/12.3.1/thumb/v7e-m+fp/hard/crti.o
                0x08005740                _fini
 .fini          0x08005744        0x8 C:/ST/STM32CubeIDE_1.10.1/STM32CubeIDE/plugins/com.st.stm32cube.ide.mcu.externaltools.gnu-tools-for-stm32.12.3.rel1.win32_1.1.0.202410251130/tools/bin/../lib/gcc/arm-none-eabi/12.3.1/thumb/v7e-m+fp/hard/crtn.o
                0x0800574c                        . = ALIGN (0x4)
                0x0800574c                        _etext = .

.vfp11_veneer   0x0800574c        0x0
 .vfp11_veneer  0x0800574c        0x0 linker stubs

.v4_bx          0x0800574c        0x0
 .v4_bx         0x0800574c        0x0 linker stubs

.iplt           0x0800574c        0x0
 .iplt          0x0800574c        0x0 C:/ST/STM32CubeIDE_1.10.1/STM32CubeIDE/plugins/com.st.stm32cube.ide.mcu.externaltools.gnu-tools-for-stm32.12.3.rel1.win32_1.1.0.202410251130/tools/bin/../lib/gcc/arm-none-eabi/12.3.1/thumb/v7e-m+fp/hard/crtbegin.o

.rodata         0x0800574c      0x328
                0x0800574c                        . = ALIGN (0x4)
 *(.rodata)
 .rodata        0x0800574c        0xf ./Core/Src/cli.o
 *fill*         0x0800575b        0x1 
 .rodata        0x0800575c       0x3f ./Core/Src/dac.o
 *fill*         0x0800579b        0x1 
 .rodata        0x0800579c      0x125 ./Core/Src/led.o
 *fill*         0x080058c1        0x3 
 .rodata        0x080058c4       0x75 ./Core/Src/pci100.o
 *(.rodata*)
 *fill*         0x08005939        0x3 
 .rodata.fmap.0
                0x0800593c       0x12 ./Core/Src/led.o
 *fill*         0x0800594e        0x2 
 .rodata.AHBPrescTable
                0x08005950       0x10 ./Core/Src/system_stm32f7xx.o
                0x08005950                AHBPrescTable
 .rodata.APBPrescTable
                0x08005960        0x8 ./Core/Src/system_stm32f7xx.o
                0x08005960                APBPrescTable
 .rodata.flagBitshiftOffset.0
                0x08005968        0x8 ./Drivers/STM32F7xx_HAL_Driver/Src/stm32f7xx_hal_dma.o
 .rodata._ctype_
                0x08005970      0x101 C:/ST/STM32CubeIDE_1.10.1/STM32CubeIDE/plugins/com.st.stm32cube.ide.mcu.externaltools.gnu-tools-for-stm32.12.3.rel1.win32_1.1.0.202410251130/tools/bin/../lib/gcc/arm-none-eabi/12.3.1/../../../../arm-none-eabi/lib/thumb/v7e-m+fp/hard\libc_nano.a(libc_a-ctype_.o)
                0x08005970                _ctype_
                0x08005a74                        . = ALIGN (0x4)
 *fill*         0x08005a71        0x3 

.ARM.extab      0x08005a74        0x0
                0x08005a74                        . = ALIGN (0x4)
 *(.ARM.extab* .gnu.linkonce.armextab.*)
                0x08005a74                        . = ALIGN (0x4)

.ARM            0x08005a74        0x8
                0x08005a74                        . = ALIGN (0x4)
                0x08005a74                        __exidx_start = .
 *(.ARM.exidx*)
 .ARM.exidx     0x08005a74        0x8 C:/ST/STM32CubeIDE_1.10.1/STM32CubeIDE/plugins/com.st.stm32cube.ide.mcu.externaltools.gnu-tools-for-stm32.12.3.rel1.win32_1.1.0.202410251130/tools/bin/../lib/gcc/arm-none-eabi/12.3.1/../../../../arm-none-eabi/lib/thumb/v7e-m+fp/hard\libc_nano.a(libc_a-strcmp.o)
 .ARM.exidx     0x08005a7c        0x0 C:/ST/STM32CubeIDE_1.10.1/STM32CubeIDE/plugins/com.st.stm32cube.ide.mcu.externaltools.gnu-tools-for-stm32.12.3.rel1.win32_1.1.0.202410251130/tools/bin/../lib/gcc/arm-none-eabi/12.3.1/../../../../arm-none-eabi/lib/thumb/v7e-m+fp/hard\libc_nano.a(libc_a-strlen.o)
                                  0x8 (size before relaxing)
 .ARM.exidx     0x08005a7c        0x0 C:/ST/STM32CubeIDE_1.10.1/STM32CubeIDE/plugins/com.st.stm32cube.ide.mcu.externaltools.gnu-tools-for-stm32.12.3.rel1.win32_1.1.0.202410251130/tools/bin/../lib/gcc/arm-none-eabi/12.3.1/thumb/v7e-m+fp/hard\libgcc.a(_udivmoddi4.o)
                                  0x8 (size before relaxing)
                0x08005a7c                        __exidx_end = .
                0x08005a7c                        . = ALIGN (0x4)

.preinit_array  0x08005a7c        0x0
                0x08005a7c                        . = ALIGN (0x4)
                0x08005a7c                        PROVIDE (__preinit_array_start = .)
 *(.preinit_array*)
                0x08005a7c                        PROVIDE (__preinit_array_end = .)
                0x08005a7c                        . = ALIGN (0x4)

.init_array     0x08005a7c        0x4
                0x08005a7c                        . = ALIGN (0x4)
                0x08005a7c                        PROVIDE (__init_array_start = .)
 *(SORT_BY_NAME(.init_array.*))
 *(.init_array*)
 .init_array    0x08005a7c        0x4 C:/ST/STM32CubeIDE_1.10.1/STM32CubeIDE/plugins/com.st.stm32cube.ide.mcu.externaltools.gnu-tools-for-stm32.12.3.rel1.win32_1.1.0.202410251130/tools/bin/../lib/gcc/arm-none-eabi/12.3.1/thumb/v7e-m+fp/hard/crtbegin.o
                0x08005a80                        PROVIDE (__init_array_end = .)
                0x08005a80                        . = ALIGN (0x4)

.fini_array     0x08005a80        0x4
                0x08005a80                        . = ALIGN (0x4)
                [!provide]                        PROVIDE (__fini_array_start = .)
 *(SORT_BY_NAME(.fini_array.*))
 *(.fini_array*)
 .fini_array    0x08005a80        0x4 C:/ST/STM32CubeIDE_1.10.1/STM32CubeIDE/plugins/com.st.stm32cube.ide.mcu.externaltools.gnu-tools-for-stm32.12.3.rel1.win32_1.1.0.202410251130/tools/bin/../lib/gcc/arm-none-eabi/12.3.1/thumb/v7e-m+fp/hard/crtbegin.o
                [!provide]                        PROVIDE (__fini_array_end = .)
                0x08005a84                        . = ALIGN (0x4)
                0x08005a84                        _sidata = LOADADDR (.data)

.rel.dyn        0x08005a84        0x0
 .rel.iplt      0x08005a84        0x0 C:/ST/STM32CubeIDE_1.10.1/STM32CubeIDE/plugins/com.st.stm32cube.ide.mcu.externaltools.gnu-tools-for-stm32.12.3.rel1.win32_1.1.0.202410251130/tools/bin/../lib/gcc/arm-none-eabi/12.3.1/thumb/v7e-m+fp/hard/crtbegin.o

.data           0x20000000       0x70 load address 0x08005a84
                0x20000000                        . = ALIGN (0x4)
                0x20000000                        _sdata = .
 *(.data)
 *(.data*)
 .data.prompt.2
                0x20000000        0x1 ./Core/Src/cli.o
 .data.BLINK_MODE
                0x20000001        0x1 ./Core/Src/led.o
                0x20000001                BLINK_MODE
 .data.LED_STATE
                0x20000002        0x1 ./Core/Src/led.o
                0x20000002                LED_STATE
 *fill*         0x20000003        0x1 
 .data.HANDLERS
                0x20000004       0x10 ./Core/Src/pci100.o
 .data.SystemCoreClock
                0x20000014        0x4 ./Core/Src/system_stm32f7xx.o
                0x20000014                SystemCoreClock
 .data.uwTickPrio
                0x20000018        0x4 ./Drivers/STM32F7xx_HAL_Driver/Src/stm32f7xx_hal.o
                0x20000018                uwTickPrio
 .data.uwTickFreq
                0x2000001c        0x1 ./Drivers/STM32F7xx_HAL_Driver/Src/stm32f7xx_hal.o
                0x2000001c                uwTickFreq
 *fill*         0x2000001d        0x3 
 .data._impure_ptr
                0x20000020        0x4 C:/ST/STM32CubeIDE_1.10.1/STM32CubeIDE/plugins/com.st.stm32cube.ide.mcu.externaltools.gnu-tools-for-stm32.12.3.rel1.win32_1.1.0.202410251130/tools/bin/../lib/gcc/arm-none-eabi/12.3.1/../../../../arm-none-eabi/lib/thumb/v7e-m+fp/hard\libc_nano.a(libc_a-impure.o)
                0x20000020                _impure_ptr
 .data._impure_data
                0x20000024       0x4c C:/ST/STM32CubeIDE_1.10.1/STM32CubeIDE/plugins/com.st.stm32cube.ide.mcu.externaltools.gnu-tools-for-stm32.12.3.rel1.win32_1.1.0.202410251130/tools/bin/../lib/gcc/arm-none-eabi/12.3.1/../../../../arm-none-eabi/lib/thumb/v7e-m+fp/hard\libc_nano.a(libc_a-impure.o)
                0x20000024                _impure_data
 *(.RamFunc)
 *(.RamFunc*)
                0x20000070                        . = ALIGN (0x4)
                0x20000070                        _edata = .

.igot.plt       0x20000070        0x0 load address 0x08005af4
 .igot.plt      0x20000070        0x0 C:/ST/STM32CubeIDE_1.10.1/STM32CubeIDE/plugins/com.st.stm32cube.ide.mcu.externaltools.gnu-tools-for-stm32.12.3.rel1.win32_1.1.0.202410251130/tools/bin/../lib/gcc/arm-none-eabi/12.3.1/thumb/v7e-m+fp/hard/crtbegin.o
                0x20000070                        . = ALIGN (0x4)

.bss            0x20000070      0x768 load address 0x08005af4
                0x20000070                        _sbss = .
                0x20000070                        __bss_start__ = _sbss
 *(.bss)
 .bss           0x20000070       0x1c C:/ST/STM32CubeIDE_1.10.1/STM32CubeIDE/plugins/com.st.stm32cube.ide.mcu.externaltools.gnu-tools-for-stm32.12.3.rel1.win32_1.1.0.202410251130/tools/bin/../lib/gcc/arm-none-eabi/12.3.1/thumb/v7e-m+fp/hard/crtbegin.o
 *(.bss*)
 .bss.pos.1     0x2000008c        0x2 ./Core/Src/cli.o
 *fill*         0x2000008e        0x2 
 .bss.buf.0     0x20000090      0x400 ./Core/Src/cli.o
 .bss.BLINK_FREQ
                0x20000490        0x4 ./Core/Src/led.o
                0x20000490                BLINK_FREQ
 .bss.start     0x20000494        0x4 ./Core/Src/led.o
 .bss.hadc1     0x20000498       0x48 ./Core/Src/main.o
                0x20000498                hadc1
 .bss.hdac      0x200004e0       0x14 ./Core/Src/main.o
                0x200004e0                hdac
 .bss.hi2c1     0x200004f4       0x54 ./Core/Src/main.o
                0x200004f4                hi2c1
 .bss.hdma_i2c1_tx
                0x20000548       0x60 ./Core/Src/main.o
                0x20000548                hdma_i2c1_tx
 .bss.hdma_i2c1_rx
                0x200005a8       0x60 ./Core/Src/main.o
                0x200005a8                hdma_i2c1_rx
 .bss.huart1    0x20000608       0x88 ./Core/Src/main.o
                0x20000608                huart1
 .bss.res.0     0x20000690        0xb ./Core/Src/utils.o
 *fill*         0x2000069b        0x1 
 .bss.uwTick    0x2000069c        0x4 ./Drivers/STM32F7xx_HAL_Driver/Src/stm32f7xx_hal.o
                0x2000069c                uwTick
 .bss.__sf      0x200006a0      0x138 C:/ST/STM32CubeIDE_1.10.1/STM32CubeIDE/plugins/com.st.stm32cube.ide.mcu.externaltools.gnu-tools-for-stm32.12.3.rel1.win32_1.1.0.202410251130/tools/bin/../lib/gcc/arm-none-eabi/12.3.1/../../../../arm-none-eabi/lib/thumb/v7e-m+fp/hard\libc_nano.a(libc_a-findfp.o)
                0x200006a0                __sf
 *(COMMON)
                0x200007d8                        . = ALIGN (0x4)
                0x200007d8                        _ebss = .
                0x200007d8                        __bss_end__ = _ebss

._user_heap_stack
                0x200007d8      0x600 load address 0x08005af4
                0x200007d8                        . = ALIGN (0x8)
                [!provide]                        PROVIDE (end = .)
                0x200007d8                        PROVIDE (_end = .)
                0x200009d8                        . = (. + _Min_Heap_Size)
 *fill*         0x200007d8      0x200 
                0x20000dd8                        . = (. + _Min_Stack_Size)
 *fill*         0x200009d8      0x400 
                0x20000dd8                        . = ALIGN (0x8)

/DISCARD/
 libc.a(*)
 libm.a(*)
 libgcc.a(*)

.ARM.attributes
                0x00000000       0x30
 *(.ARM.attributes)
 .ARM.attributes
                0x00000000       0x22 C:/ST/STM32CubeIDE_1.10.1/STM32CubeIDE/plugins/com.st.stm32cube.ide.mcu.externaltools.gnu-tools-for-stm32.12.3.rel1.win32_1.1.0.202410251130/tools/bin/../lib/gcc/arm-none-eabi/12.3.1/thumb/v7e-m+fp/hard/crti.o
 .ARM.attributes
                0x00000022       0x34 C:/ST/STM32CubeIDE_1.10.1/STM32CubeIDE/plugins/com.st.stm32cube.ide.mcu.externaltools.gnu-tools-for-stm32.12.3.rel1.win32_1.1.0.202410251130/tools/bin/../lib/gcc/arm-none-eabi/12.3.1/thumb/v7e-m+fp/hard/crtbegin.o
 .ARM.attributes
                0x00000056       0x34 ./Core/Src/cli.o
 .ARM.attributes
                0x0000008a       0x34 ./Core/Src/dac.o
 .ARM.attributes
                0x000000be       0x34 ./Core/Src/led.o
 .ARM.attributes
                0x000000f2       0x34 ./Core/Src/main.o
 .ARM.attributes
                0x00000126       0x34 ./Core/Src/pci100.o
 .ARM.attributes
                0x0000015a       0x34 ./Core/Src/stm32f7xx_hal_msp.o
 .ARM.attributes
                0x0000018e       0x34 ./Core/Src/stm32f7xx_it.o
 .ARM.attributes
                0x000001c2       0x34 ./Core/Src/system_stm32f7xx.o
 .ARM.attributes
                0x000001f6       0x34 ./Core/Src/utils.o
 .ARM.attributes
                0x0000022a       0x21 ./Core/Startup/startup_stm32f722rctx.o
 .ARM.attributes
                0x0000024b       0x34 ./Drivers/STM32F7xx_HAL_Driver/Src/stm32f7xx_hal.o
 .ARM.attributes
                0x0000027f       0x34 ./Drivers/STM32F7xx_HAL_Driver/Src/stm32f7xx_hal_adc.o
 .ARM.attributes
                0x000002b3       0x34 ./Drivers/STM32F7xx_HAL_Driver/Src/stm32f7xx_hal_cortex.o
 .ARM.attributes
                0x000002e7       0x34 ./Drivers/STM32F7xx_HAL_Driver/Src/stm32f7xx_hal_dac.o
 .ARM.attributes
                0x0000031b       0x34 ./Drivers/STM32F7xx_HAL_Driver/Src/stm32f7xx_hal_dma.o
 .ARM.attributes
                0x0000034f       0x34 ./Drivers/STM32F7xx_HAL_Driver/Src/stm32f7xx_hal_gpio.o
 .ARM.attributes
                0x00000383       0x34 ./Drivers/STM32F7xx_HAL_Driver/Src/stm32f7xx_hal_i2c.o
 .ARM.attributes
                0x000003b7       0x34 ./Drivers/STM32F7xx_HAL_Driver/Src/stm32f7xx_hal_i2c_ex.o
 .ARM.attributes
                0x000003eb       0x34 ./Drivers/STM32F7xx_HAL_Driver/Src/stm32f7xx_hal_rcc.o
 .ARM.attributes
                0x0000041f       0x34 ./Drivers/STM32F7xx_HAL_Driver/Src/stm32f7xx_hal_rcc_ex.o
 .ARM.attributes
                0x00000453       0x34 ./Drivers/STM32F7xx_HAL_Driver/Src/stm32f7xx_hal_uart.o
 .ARM.attributes
                0x00000487       0x34 C:/ST/STM32CubeIDE_1.10.1/STM32CubeIDE/plugins/com.st.stm32cube.ide.mcu.externaltools.gnu-tools-for-stm32.12.3.rel1.win32_1.1.0.202410251130/tools/bin/../lib/gcc/arm-none-eabi/12.3.1/../../../../arm-none-eabi/lib/thumb/v7e-m+fp/hard\libc_nano.a(libc_a-atoi.o)
 .ARM.attributes
                0x000004bb       0x34 C:/ST/STM32CubeIDE_1.10.1/STM32CubeIDE/plugins/com.st.stm32cube.ide.mcu.externaltools.gnu-tools-for-stm32.12.3.rel1.win32_1.1.0.202410251130/tools/bin/../lib/gcc/arm-none-eabi/12.3.1/../../../../arm-none-eabi/lib/thumb/v7e-m+fp/hard\libc_nano.a(libc_a-strtol.o)
 .ARM.attributes
                0x000004ef       0x34 C:/ST/STM32CubeIDE_1.10.1/STM32CubeIDE/plugins/com.st.stm32cube.ide.mcu.externaltools.gnu-tools-for-stm32.12.3.rel1.win32_1.1.0.202410251130/tools/bin/../lib/gcc/arm-none-eabi/12.3.1/../../../../arm-none-eabi/lib/thumb/v7e-m+fp/hard\libc_nano.a(libc_a-ctype_.o)
 .ARM.attributes
                0x00000523       0x34 C:/ST/STM32CubeIDE_1.10.1/STM32CubeIDE/plugins/com.st.stm32cube.ide.mcu.externaltools.gnu-tools-for-stm32.12.3.rel1.win32_1.1.0.202410251130/tools/bin/../lib/gcc/arm-none-eabi/12.3.1/../../../../arm-none-eabi/lib/thumb/v7e-m+fp/hard\libc_nano.a(libc_a-findfp.o)
 .ARM.attributes
                0x00000557       0x34 C:/ST/STM32CubeIDE_1.10.1/STM32CubeIDE/plugins/com.st.stm32cube.ide.mcu.externaltools.gnu-tools-for-stm32.12.3.rel1.win32_1.1.0.202410251130/tools/bin/../lib/gcc/arm-none-eabi/12.3.1/../../../../arm-none-eabi/lib/thumb/v7e-m+fp/hard\libc_nano.a(libc_a-memset.o)
 .ARM.attributes
                0x0000058b       0x34 C:/ST/STM32CubeIDE_1.10.1/STM32CubeIDE/plugins/com.st.stm32cube.ide.mcu.externaltools.gnu-tools-for-stm32.12.3.rel1.win32_1.1.0.202410251130/tools/bin/../lib/gcc/arm-none-eabi/12.3.1/../../../../arm-none-eabi/lib/thumb/v7e-m+fp/hard\libc_nano.a(libc_a-strncmp.o)
 .ARM.attributes
                0x000005bf       0x34 C:/ST/STM32CubeIDE_1.10.1/STM32CubeIDE/plugins/com.st.stm32cube.ide.mcu.externaltools.gnu-tools-for-stm32.12.3.rel1.win32_1.1.0.202410251130/tools/bin/../lib/gcc/arm-none-eabi/12.3.1/../../../../arm-none-eabi/lib/thumb/v7e-m+fp/hard\libc_nano.a(libc_a-impure.o)
 .ARM.attributes
                0x000005f3       0x34 C:/ST/STM32CubeIDE_1.10.1/STM32CubeIDE/plugins/com.st.stm32cube.ide.mcu.externaltools.gnu-tools-for-stm32.12.3.rel1.win32_1.1.0.202410251130/tools/bin/../lib/gcc/arm-none-eabi/12.3.1/../../../../arm-none-eabi/lib/thumb/v7e-m+fp/hard\libc_nano.a(libc_a-errno.o)
 .ARM.attributes
                0x00000627       0x34 C:/ST/STM32CubeIDE_1.10.1/STM32CubeIDE/plugins/com.st.stm32cube.ide.mcu.externaltools.gnu-tools-for-stm32.12.3.rel1.win32_1.1.0.202410251130/tools/bin/../lib/gcc/arm-none-eabi/12.3.1/../../../../arm-none-eabi/lib/thumb/v7e-m+fp/hard\libc_nano.a(libc_a-init.o)
 .ARM.attributes
                0x0000065b       0x20 C:/ST/STM32CubeIDE_1.10.1/STM32CubeIDE/plugins/com.st.stm32cube.ide.mcu.externaltools.gnu-tools-for-stm32.12.3.rel1.win32_1.1.0.202410251130/tools/bin/../lib/gcc/arm-none-eabi/12.3.1/../../../../arm-none-eabi/lib/thumb/v7e-m+fp/hard\libc_nano.a(libc_a-strcmp.o)
 .ARM.attributes
                0x0000067b       0x17 C:/ST/STM32CubeIDE_1.10.1/STM32CubeIDE/plugins/com.st.stm32cube.ide.mcu.externaltools.gnu-tools-for-stm32.12.3.rel1.win32_1.1.0.202410251130/tools/bin/../lib/gcc/arm-none-eabi/12.3.1/../../../../arm-none-eabi/lib/thumb/v7e-m+fp/hard\libc_nano.a(libc_a-strlen.o)
 .ARM.attributes
                0x00000692       0x22 C:/ST/STM32CubeIDE_1.10.1/STM32CubeIDE/plugins/com.st.stm32cube.ide.mcu.externaltools.gnu-tools-for-stm32.12.3.rel1.win32_1.1.0.202410251130/tools/bin/../lib/gcc/arm-none-eabi/12.3.1/thumb/v7e-m+fp/hard\libgcc.a(_aeabi_uldivmod.o)
 .ARM.attributes
                0x000006b4       0x34 C:/ST/STM32CubeIDE_1.10.1/STM32CubeIDE/plugins/com.st.stm32cube.ide.mcu.externaltools.gnu-tools-for-stm32.12.3.rel1.win32_1.1.0.202410251130/tools/bin/../lib/gcc/arm-none-eabi/12.3.1/thumb/v7e-m+fp/hard\libgcc.a(_udivmoddi4.o)
 .ARM.attributes
                0x000006e8       0x22 C:/ST/STM32CubeIDE_1.10.1/STM32CubeIDE/plugins/com.st.stm32cube.ide.mcu.externaltools.gnu-tools-for-stm32.12.3.rel1.win32_1.1.0.202410251130/tools/bin/../lib/gcc/arm-none-eabi/12.3.1/thumb/v7e-m+fp/hard\libgcc.a(_dvmd_tls.o)
 .ARM.attributes
                0x0000070a       0x22 C:/ST/STM32CubeIDE_1.10.1/STM32CubeIDE/plugins/com.st.stm32cube.ide.mcu.externaltools.gnu-tools-for-stm32.12.3.rel1.win32_1.1.0.202410251130/tools/bin/../lib/gcc/arm-none-eabi/12.3.1/thumb/v7e-m+fp/hard/crtn.o
OUTPUT(PCI100.elf elf32-littlearm)
LOAD linker stubs
LOAD C:/ST/STM32CubeIDE_1.10.1/STM32CubeIDE/plugins/com.st.stm32cube.ide.mcu.externaltools.gnu-tools-for-stm32.12.3.rel1.win32_1.1.0.202410251130/tools/bin/../lib/gcc/arm-none-eabi/12.3.1/../../../../arm-none-eabi/lib/thumb/v7e-m+fp/hard\libc.a
LOAD C:/ST/STM32CubeIDE_1.10.1/STM32CubeIDE/plugins/com.st.stm32cube.ide.mcu.externaltools.gnu-tools-for-stm32.12.3.rel1.win32_1.1.0.202410251130/tools/bin/../lib/gcc/arm-none-eabi/12.3.1/../../../../arm-none-eabi/lib/thumb/v7e-m+fp/hard\libm.a
LOAD C:/ST/STM32CubeIDE_1.10.1/STM32CubeIDE/plugins/com.st.stm32cube.ide.mcu.externaltools.gnu-tools-for-stm32.12.3.rel1.win32_1.1.0.202410251130/tools/bin/../lib/gcc/arm-none-eabi/12.3.1/thumb/v7e-m+fp/hard\libgcc.a

.debug_info     0x00000000    0x11cbd
 .debug_info    0x00000000      0x883 ./Core/Src/cli.o
 .debug_info    0x00000883      0x974 ./Core/Src/dac.o
 .debug_info    0x000011f7      0x9b4 ./Core/Src/led.o
 .debug_info    0x00001bab     0x18f6 ./Core/Src/main.o
 .debug_info    0x000034a1      0x7c8 ./Core/Src/pci100.o
 .debug_info    0x00003c69     0x175b ./Core/Src/stm32f7xx_hal_msp.o
 .debug_info    0x000053c4      0x74f ./Core/Src/stm32f7xx_it.o
 .debug_info    0x00005b13      0x6ed ./Core/Src/system_stm32f7xx.o
 .debug_info    0x00006200      0x7a7 ./Core/Src/utils.o
 .debug_info    0x000069a7       0x30 ./Core/Startup/startup_stm32f722rctx.o
 .debug_info    0x000069d7      0x990 ./Drivers/STM32F7xx_HAL_Driver/Src/stm32f7xx_hal.o
 .debug_info    0x00007367      0xc83 ./Drivers/STM32F7xx_HAL_Driver/Src/stm32f7xx_hal_adc.o
 .debug_info    0x00007fea      0xf36 ./Drivers/STM32F7xx_HAL_Driver/Src/stm32f7xx_hal_cortex.o
 .debug_info    0x00008f20      0xa01 ./Drivers/STM32F7xx_HAL_Driver/Src/stm32f7xx_hal_dac.o
 .debug_info    0x00009921      0x8e7 ./Drivers/STM32F7xx_HAL_Driver/Src/stm32f7xx_hal_dma.o
 .debug_info    0x0000a208      0x6e7 ./Drivers/STM32F7xx_HAL_Driver/Src/stm32f7xx_hal_gpio.o
 .debug_info    0x0000a8ef     0x2138 ./Drivers/STM32F7xx_HAL_Driver/Src/stm32f7xx_hal_i2c.o
 .debug_info    0x0000ca27      0x922 ./Drivers/STM32F7xx_HAL_Driver/Src/stm32f7xx_hal_i2c_ex.o
 .debug_info    0x0000d349      0x8e8 ./Drivers/STM32F7xx_HAL_Driver/Src/stm32f7xx_hal_rcc.o
 .debug_info    0x0000dc31      0x6b2 ./Drivers/STM32F7xx_HAL_Driver/Src/stm32f7xx_hal_rcc_ex.o
 .debug_info    0x0000e2e3     0x39da ./Drivers/STM32F7xx_HAL_Driver/Src/stm32f7xx_hal_uart.o

.debug_abbrev   0x00000000     0x2a78
 .debug_abbrev  0x00000000      0x1c5 ./Core/Src/cli.o
 .debug_abbrev  0x000001c5      0x204 ./Core/Src/dac.o
 .debug_abbrev  0x000003c9      0x23a ./Core/Src/led.o
 .debug_abbrev  0x00000603      0x2e1 ./Core/Src/main.o
 .debug_abbrev  0x000008e4      0x1eb ./Core/Src/pci100.o
 .debug_abbrev  0x00000acf      0x257 ./Core/Src/stm32f7xx_hal_msp.o
 .debug_abbrev  0x00000d26      0x17b ./Core/Src/stm32f7xx_it.o
 .debug_abbrev  0x00000ea1      0x13b ./Core/Src/system_stm32f7xx.o
 .debug_abbrev  0x00000fdc      0x1b4 ./Core/Src/utils.o
 .debug_abbrev  0x00001190       0x24 ./Core/Startup/startup_stm32f722rctx.o
 .debug_abbrev  0x000011b4      0x213 ./Drivers/STM32F7xx_HAL_Driver/Src/stm32f7xx_hal.o
 .debug_abbrev  0x000013c7      0x252 ./Drivers/STM32F7xx_HAL_Driver/Src/stm32f7xx_hal_adc.o
 .debug_abbrev  0x00001619      0x31e ./Drivers/STM32F7xx_HAL_Driver/Src/stm32f7xx_hal_cortex.o
 .debug_abbrev  0x00001937      0x1fa ./Drivers/STM32F7xx_HAL_Driver/Src/stm32f7xx_hal_dac.o
 .debug_abbrev  0x00001b31      0x264 ./Drivers/STM32F7xx_HAL_Driver/Src/stm32f7xx_hal_dma.o
 .debug_abbrev  0x00001d95      0x1d4 ./Drivers/STM32F7xx_HAL_Driver/Src/stm32f7xx_hal_gpio.o
 .debug_abbrev  0x00001f69      0x260 ./Drivers/STM32F7xx_HAL_Driver/Src/stm32f7xx_hal_i2c.o
 .debug_abbrev  0x000021c9      0x19c ./Drivers/STM32F7xx_HAL_Driver/Src/stm32f7xx_hal_i2c_ex.o
 .debug_abbrev  0x00002365      0x288 ./Drivers/STM32F7xx_HAL_Driver/Src/stm32f7xx_hal_rcc.o
 .debug_abbrev  0x000025ed      0x1a5 ./Drivers/STM32F7xx_HAL_Driver/Src/stm32f7xx_hal_rcc_ex.o
 .debug_abbrev  0x00002792      0x2e6 ./Drivers/STM32F7xx_HAL_Driver/Src/stm32f7xx_hal_uart.o

.debug_aranges  0x00000000      0xd38
 .debug_aranges
                0x00000000       0x40 ./Core/Src/cli.o
 .debug_aranges
                0x00000040       0x30 ./Core/Src/dac.o
 .debug_aranges
                0x00000070       0x48 ./Core/Src/led.o
 .debug_aranges
                0x000000b8       0x68 ./Core/Src/main.o
 .debug_aranges
                0x00000120       0x30 ./Core/Src/pci100.o
 .debug_aranges
                0x00000150       0x60 ./Core/Src/stm32f7xx_hal_msp.o
 .debug_aranges
                0x000001b0       0x80 ./Core/Src/stm32f7xx_it.o
 .debug_aranges
                0x00000230       0x28 ./Core/Src/system_stm32f7xx.o
 .debug_aranges
                0x00000258       0x28 ./Core/Src/utils.o
 .debug_aranges
                0x00000280       0x28 ./Core/Startup/startup_stm32f722rctx.o
 .debug_aranges
                0x000002a8      0x100 ./Drivers/STM32F7xx_HAL_Driver/Src/stm32f7xx_hal.o
 .debug_aranges
                0x000003a8       0xe8 ./Drivers/STM32F7xx_HAL_Driver/Src/stm32f7xx_hal_adc.o
 .debug_aranges
                0x00000490      0x128 ./Drivers/STM32F7xx_HAL_Driver/Src/stm32f7xx_hal_cortex.o
 .debug_aranges
                0x000005b8       0xc0 ./Drivers/STM32F7xx_HAL_Driver/Src/stm32f7xx_hal_dac.o
 .debug_aranges
                0x00000678       0x90 ./Drivers/STM32F7xx_HAL_Driver/Src/stm32f7xx_hal_dma.o
 .debug_aranges
                0x00000708       0x58 ./Drivers/STM32F7xx_HAL_Driver/Src/stm32f7xx_hal_gpio.o
 .debug_aranges
                0x00000760      0x2a0 ./Drivers/STM32F7xx_HAL_Driver/Src/stm32f7xx_hal_i2c.o
 .debug_aranges
                0x00000a00       0x38 ./Drivers/STM32F7xx_HAL_Driver/Src/stm32f7xx_hal_i2c_ex.o
 .debug_aranges
                0x00000a38       0x88 ./Drivers/STM32F7xx_HAL_Driver/Src/stm32f7xx_hal_rcc.o
 .debug_aranges
                0x00000ac0       0x50 ./Drivers/STM32F7xx_HAL_Driver/Src/stm32f7xx_hal_rcc_ex.o
 .debug_aranges
                0x00000b10      0x228 ./Drivers/STM32F7xx_HAL_Driver/Src/stm32f7xx_hal_uart.o

.debug_rnglists
                0x00000000      0xa3c
 .debug_rnglists
                0x00000000       0x2c ./Core/Src/cli.o
 .debug_rnglists
                0x0000002c       0x1f ./Core/Src/dac.o
 .debug_rnglists
                0x0000004b       0x34 ./Core/Src/led.o
 .debug_rnglists
                0x0000007f       0x4d ./Core/Src/main.o
 .debug_rnglists
                0x000000cc       0x2c ./Core/Src/pci100.o
 .debug_rnglists
                0x000000f8       0x47 ./Core/Src/stm32f7xx_hal_msp.o
 .debug_rnglists
                0x0000013f       0x5b ./Core/Src/stm32f7xx_it.o
 .debug_rnglists
                0x0000019a       0x1a ./Core/Src/system_stm32f7xx.o
 .debug_rnglists
                0x000001b4       0x1a ./Core/Src/utils.o
 .debug_rnglists
                0x000001ce       0x19 ./Core/Startup/startup_stm32f722rctx.o
 .debug_rnglists
                0x000001e7       0xbb ./Drivers/STM32F7xx_HAL_Driver/Src/stm32f7xx_hal.o
 .debug_rnglists
                0x000002a2       0xb5 ./Drivers/STM32F7xx_HAL_Driver/Src/stm32f7xx_hal_adc.o
 .debug_rnglists
                0x00000357       0xda ./Drivers/STM32F7xx_HAL_Driver/Src/stm32f7xx_hal_cortex.o
 .debug_rnglists
                0x00000431       0x90 ./Drivers/STM32F7xx_HAL_Driver/Src/stm32f7xx_hal_dac.o
 .debug_rnglists
                0x000004c1       0x70 ./Drivers/STM32F7xx_HAL_Driver/Src/stm32f7xx_hal_dma.o
 .debug_rnglists
                0x00000531       0x3f ./Drivers/STM32F7xx_HAL_Driver/Src/stm32f7xx_hal_gpio.o
 .debug_rnglists
                0x00000570      0x228 ./Drivers/STM32F7xx_HAL_Driver/Src/stm32f7xx_hal_i2c.o
 .debug_rnglists
                0x00000798       0x27 ./Drivers/STM32F7xx_HAL_Driver/Src/stm32f7xx_hal_i2c_ex.o
 .debug_rnglists
                0x000007bf       0x67 ./Drivers/STM32F7xx_HAL_Driver/Src/stm32f7xx_hal_rcc.o
 .debug_rnglists
                0x00000826       0x3c ./Drivers/STM32F7xx_HAL_Driver/Src/stm32f7xx_hal_rcc_ex.o
 .debug_rnglists
                0x00000862      0x1da ./Drivers/STM32F7xx_HAL_Driver/Src/stm32f7xx_hal_uart.o

.debug_macro    0x00000000    0x2357c
 .debug_macro   0x00000000      0x2e7 ./Core/Src/cli.o
 .debug_macro   0x000002e7      0xab4 ./Core/Src/cli.o
 .debug_macro   0x00000d9b      0x299 ./Core/Src/cli.o
 .debug_macro   0x00001034       0x2e ./Core/Src/cli.o
 .debug_macro   0x00001062       0x3b ./Core/Src/cli.o
 .debug_macro   0x0000109d       0x22 ./Core/Src/cli.o
 .debug_macro   0x000010bf       0x8e ./Core/Src/cli.o
 .debug_macro   0x0000114d       0x51 ./Core/Src/cli.o
 .debug_macro   0x0000119e      0x103 ./Core/Src/cli.o
 .debug_macro   0x000012a1       0x6a ./Core/Src/cli.o
 .debug_macro   0x0000130b      0x1df ./Core/Src/cli.o
 .debug_macro   0x000014ea       0x1c ./Core/Src/cli.o
 .debug_macro   0x00001506       0x22 ./Core/Src/cli.o
 .debug_macro   0x00001528       0xd9 ./Core/Src/cli.o
 .debug_macro   0x00001601     0x12cd ./Core/Src/cli.o
 .debug_macro   0x000028ce      0x11f ./Core/Src/cli.o
 .debug_macro   0x000029ed       0x19 ./Core/Src/cli.o
 .debug_macro   0x00002a06    0x15c67 ./Core/Src/cli.o
 .debug_macro   0x0001866d       0x6d ./Core/Src/cli.o
 .debug_macro   0x000186da     0x3765 ./Core/Src/cli.o
 .debug_macro   0x0001be3f      0x189 ./Core/Src/cli.o
 .debug_macro   0x0001bfc8       0x63 ./Core/Src/cli.o
 .debug_macro   0x0001c02b     0x155e ./Core/Src/cli.o
 .debug_macro   0x0001d589      0x6c4 ./Core/Src/cli.o
 .debug_macro   0x0001dc4d      0x17e ./Core/Src/cli.o
 .debug_macro   0x0001ddcb      0x115 ./Core/Src/cli.o
 .debug_macro   0x0001dee0      0x1d8 ./Core/Src/cli.o
 .debug_macro   0x0001e0b8       0xa5 ./Core/Src/cli.o
 .debug_macro   0x0001e15d      0x24f ./Core/Src/cli.o
 .debug_macro   0x0001e3ac       0x71 ./Core/Src/cli.o
 .debug_macro   0x0001e41d       0x58 ./Core/Src/cli.o
 .debug_macro   0x0001e475      0x236 ./Core/Src/cli.o
 .debug_macro   0x0001e6ab      0x416 ./Core/Src/cli.o
 .debug_macro   0x0001eac1      0x153 ./Core/Src/cli.o
 .debug_macro   0x0001ec14      0x107 ./Core/Src/cli.o
 .debug_macro   0x0001ed1b      0x122 ./Core/Src/cli.o
 .debug_macro   0x0001ee3d       0xa6 ./Core/Src/cli.o
 .debug_macro   0x0001eee3      0x154 ./Core/Src/cli.o
 .debug_macro   0x0001f037      0x2c3 ./Core/Src/cli.o
 .debug_macro   0x0001f2fa       0x12 ./Core/Src/cli.o
 .debug_macro   0x0001f30c      0x22c ./Core/Src/cli.o
 .debug_macro   0x0001f538       0x61 ./Core/Src/cli.o
 .debug_macro   0x0001f599       0xa5 ./Core/Src/cli.o
 .debug_macro   0x0001f63e      0x12e ./Core/Src/cli.o
 .debug_macro   0x0001f76c      0x108 ./Core/Src/cli.o
 .debug_macro   0x0001f874       0x35 ./Core/Src/cli.o
 .debug_macro   0x0001f8a9      0x56d ./Core/Src/cli.o
 .debug_macro   0x0001fe16       0x44 ./Core/Src/cli.o
 .debug_macro   0x0001fe5a      0x14d ./Core/Src/cli.o
 .debug_macro   0x0001ffa7       0x10 ./Core/Src/cli.o
 .debug_macro   0x0001ffb7       0x2e ./Core/Src/cli.o
 .debug_macro   0x0001ffe5       0x61 ./Core/Src/cli.o
 .debug_macro   0x00020046       0x2a ./Core/Src/cli.o
 .debug_macro   0x00020070       0x43 ./Core/Src/cli.o
 .debug_macro   0x000200b3       0x34 ./Core/Src/cli.o
 .debug_macro   0x000200e7       0x16 ./Core/Src/cli.o
 .debug_macro   0x000200fd       0x43 ./Core/Src/cli.o
 .debug_macro   0x00020140       0x34 ./Core/Src/cli.o
 .debug_macro   0x00020174       0x10 ./Core/Src/cli.o
 .debug_macro   0x00020184       0x58 ./Core/Src/cli.o
 .debug_macro   0x000201dc       0x8e ./Core/Src/cli.o
 .debug_macro   0x0002026a       0x1c ./Core/Src/cli.o
 .debug_macro   0x00020286      0x177 ./Core/Src/cli.o
 .debug_macro   0x000203fd      0x369 ./Core/Src/cli.o
 .debug_macro   0x00020766       0x10 ./Core/Src/cli.o
 .debug_macro   0x00020776       0x35 ./Core/Src/cli.o
 .debug_macro   0x000207ab       0x20 ./Core/Src/cli.o
 .debug_macro   0x000207cb      0x331 ./Core/Src/dac.o
 .debug_macro   0x00020afc       0x34 ./Core/Src/dac.o
 .debug_macro   0x00020b30       0x10 ./Core/Src/dac.o
 .debug_macro   0x00020b40      0x119 ./Core/Src/dac.o
 .debug_macro   0x00020c59       0x16 ./Core/Src/dac.o
 .debug_macro   0x00020c6f       0x16 ./Core/Src/dac.o
 .debug_macro   0x00020c85       0x29 ./Core/Src/dac.o
 .debug_macro   0x00020cae       0x16 ./Core/Src/dac.o
 .debug_macro   0x00020cc4      0x341 ./Core/Src/led.o
 .debug_macro   0x00021005       0x58 ./Core/Src/led.o
 .debug_macro   0x0002105d       0x5d ./Core/Src/led.o
 .debug_macro   0x000210ba      0x254 ./Core/Src/main.o
 .debug_macro   0x0002130e       0x10 ./Core/Src/main.o
 .debug_macro   0x0002131e       0x16 ./Core/Src/main.o
 .debug_macro   0x00021334      0x30d ./Core/Src/pci100.o
 .debug_macro   0x00021641      0x20a ./Core/Src/stm32f7xx_hal_msp.o
 .debug_macro   0x0002184b      0x214 ./Core/Src/stm32f7xx_it.o
 .debug_macro   0x00021a5f      0x1fb ./Core/Src/system_stm32f7xx.o
 .debug_macro   0x00021c5a      0x21a ./Core/Src/utils.o
 .debug_macro   0x00021e74      0x21f ./Drivers/STM32F7xx_HAL_Driver/Src/stm32f7xx_hal.o
 .debug_macro   0x00022093      0x1fc ./Drivers/STM32F7xx_HAL_Driver/Src/stm32f7xx_hal_adc.o
 .debug_macro   0x0002228f      0x1fb ./Drivers/STM32F7xx_HAL_Driver/Src/stm32f7xx_hal_cortex.o
 .debug_macro   0x0002248a      0x1fc ./Drivers/STM32F7xx_HAL_Driver/Src/stm32f7xx_hal_dac.o
 .debug_macro   0x00022686      0x201 ./Drivers/STM32F7xx_HAL_Driver/Src/stm32f7xx_hal_dma.o
 .debug_macro   0x00022887      0x201 ./Drivers/STM32F7xx_HAL_Driver/Src/stm32f7xx_hal_gpio.o
 .debug_macro   0x00022a88      0x2c7 ./Drivers/STM32F7xx_HAL_Driver/Src/stm32f7xx_hal_i2c.o
 .debug_macro   0x00022d4f      0x1fb ./Drivers/STM32F7xx_HAL_Driver/Src/stm32f7xx_hal_i2c_ex.o
 .debug_macro   0x00022f4a      0x21f ./Drivers/STM32F7xx_HAL_Driver/Src/stm32f7xx_hal_rcc.o
 .debug_macro   0x00023169      0x1fb ./Drivers/STM32F7xx_HAL_Driver/Src/stm32f7xx_hal_rcc_ex.o
 .debug_macro   0x00023364      0x218 ./Drivers/STM32F7xx_HAL_Driver/Src/stm32f7xx_hal_uart.o

.debug_line     0x00000000    0x13b09
 .debug_line    0x00000000      0x98b ./Core/Src/cli.o
 .debug_line    0x0000098b      0x9aa ./Core/Src/dac.o
 .debug_line    0x00001335      0xba8 ./Core/Src/led.o
 .debug_line    0x00001edd      0xa1e ./Core/Src/main.o
 .debug_line    0x000028fb      0x98f ./Core/Src/pci100.o
 .debug_line    0x0000328a      0x946 ./Core/Src/stm32f7xx_hal_msp.o
 .debug_line    0x00003bd0      0x8c5 ./Core/Src/stm32f7xx_it.o
 .debug_line    0x00004495      0x825 ./Core/Src/system_stm32f7xx.o
 .debug_line    0x00004cba      0x843 ./Core/Src/utils.o
 .debug_line    0x000054fd       0x7a ./Core/Startup/startup_stm32f722rctx.o
 .debug_line    0x00005577      0xac5 ./Drivers/STM32F7xx_HAL_Driver/Src/stm32f7xx_hal.o
 .debug_line    0x0000603c     0x12fd ./Drivers/STM32F7xx_HAL_Driver/Src/stm32f7xx_hal_adc.o
 .debug_line    0x00007339      0xd67 ./Drivers/STM32F7xx_HAL_Driver/Src/stm32f7xx_hal_cortex.o
 .debug_line    0x000080a0      0xc00 ./Drivers/STM32F7xx_HAL_Driver/Src/stm32f7xx_hal_dac.o
 .debug_line    0x00008ca0     0x1014 ./Drivers/STM32F7xx_HAL_Driver/Src/stm32f7xx_hal_dma.o
 .debug_line    0x00009cb4      0xc23 ./Drivers/STM32F7xx_HAL_Driver/Src/stm32f7xx_hal_gpio.o
 .debug_line    0x0000a8d7     0x3af9 ./Drivers/STM32F7xx_HAL_Driver/Src/stm32f7xx_hal_i2c.o
 .debug_line    0x0000e3d0      0x8de ./Drivers/STM32F7xx_HAL_Driver/Src/stm32f7xx_hal_i2c_ex.o
 .debug_line    0x0000ecae      0xef4 ./Drivers/STM32F7xx_HAL_Driver/Src/stm32f7xx_hal_rcc.o
 .debug_line    0x0000fba2      0xdfe ./Drivers/STM32F7xx_HAL_Driver/Src/stm32f7xx_hal_rcc_ex.o
 .debug_line    0x000109a0     0x3169 ./Drivers/STM32F7xx_HAL_Driver/Src/stm32f7xx_hal_uart.o

.debug_str      0x00000000    0xd9646
 .debug_str     0x00000000    0xd4b9f ./Core/Src/cli.o
                              0xd52df (size before relaxing)
 .debug_str     0x000d4b9f      0xab4 ./Core/Src/dac.o
                              0xd5d19 (size before relaxing)
 .debug_str     0x000d5653      0x1f3 ./Core/Src/led.o
                              0xd5d67 (size before relaxing)
 .debug_str     0x000d5846      0xdd4 ./Core/Src/main.o
                              0xd3231 (size before relaxing)
 .debug_str     0x000d661a       0x4f ./Core/Src/pci100.o
                              0xd53b4 (size before relaxing)
 .debug_str     0x000d6669      0x36a ./Core/Src/stm32f7xx_hal_msp.o
                              0xd2fef (size before relaxing)
 .debug_str     0x000d69d3      0x15e ./Core/Src/stm32f7xx_it.o
                              0xd2222 (size before relaxing)
 .debug_str     0x000d6b31      0x1a4 ./Core/Src/system_stm32f7xx.o
                              0xd1e00 (size before relaxing)
 .debug_str     0x000d6cd5       0x42 ./Core/Src/utils.o
                              0xd20cc (size before relaxing)
 .debug_str     0x000d6d17       0x44 ./Core/Startup/startup_stm32f722rctx.o
                                 0x65 (size before relaxing)
 .debug_str     0x000d6d5b      0x40a ./Drivers/STM32F7xx_HAL_Driver/Src/stm32f7xx_hal.o
                              0xd26d7 (size before relaxing)
 .debug_str     0x000d7165      0x2b8 ./Drivers/STM32F7xx_HAL_Driver/Src/stm32f7xx_hal_adc.o
                              0xd22f9 (size before relaxing)
 .debug_str     0x000d741d      0x29f ./Drivers/STM32F7xx_HAL_Driver/Src/stm32f7xx_hal_cortex.o
                              0xd26f4 (size before relaxing)
 .debug_str     0x000d76bc      0x1ed ./Drivers/STM32F7xx_HAL_Driver/Src/stm32f7xx_hal_dac.o
                              0xd219c (size before relaxing)
 .debug_str     0x000d78a9      0x2e0 ./Drivers/STM32F7xx_HAL_Driver/Src/stm32f7xx_hal_dma.o
                              0xd213f (size before relaxing)
 .debug_str     0x000d7b89       0xe1 ./Drivers/STM32F7xx_HAL_Driver/Src/stm32f7xx_hal_gpio.o
                              0xd1ebe (size before relaxing)
 .debug_str     0x000d7c6a      0xd91 ./Drivers/STM32F7xx_HAL_Driver/Src/stm32f7xx_hal_i2c.o
                              0xd3013 (size before relaxing)
 .debug_str     0x000d89fb       0x89 ./Drivers/STM32F7xx_HAL_Driver/Src/stm32f7xx_hal_i2c_ex.o
                              0xd2292 (size before relaxing)
 .debug_str     0x000d8a84      0x24e ./Drivers/STM32F7xx_HAL_Driver/Src/stm32f7xx_hal_rcc.o
                              0xd2169 (size before relaxing)
 .debug_str     0x000d8cd2      0x13d ./Drivers/STM32F7xx_HAL_Driver/Src/stm32f7xx_hal_rcc_ex.o
                              0xd2097 (size before relaxing)
 .debug_str     0x000d8e0f      0x837 ./Drivers/STM32F7xx_HAL_Driver/Src/stm32f7xx_hal_uart.o
                              0xd2aaf (size before relaxing)

.comment        0x00000000       0x43
 .comment       0x00000000       0x43 ./Core/Src/cli.o
                                 0x44 (size before relaxing)
 .comment       0x00000043       0x44 ./Core/Src/dac.o
 .comment       0x00000043       0x44 ./Core/Src/led.o
 .comment       0x00000043       0x44 ./Core/Src/main.o
 .comment       0x00000043       0x44 ./Core/Src/pci100.o
 .comment       0x00000043       0x44 ./Core/Src/stm32f7xx_hal_msp.o
 .comment       0x00000043       0x44 ./Core/Src/stm32f7xx_it.o
 .comment       0x00000043       0x44 ./Core/Src/system_stm32f7xx.o
 .comment       0x00000043       0x44 ./Core/Src/utils.o
 .comment       0x00000043       0x44 ./Drivers/STM32F7xx_HAL_Driver/Src/stm32f7xx_hal.o
 .comment       0x00000043       0x44 ./Drivers/STM32F7xx_HAL_Driver/Src/stm32f7xx_hal_adc.o
 .comment       0x00000043       0x44 ./Drivers/STM32F7xx_HAL_Driver/Src/stm32f7xx_hal_cortex.o
 .comment       0x00000043       0x44 ./Drivers/STM32F7xx_HAL_Driver/Src/stm32f7xx_hal_dac.o
 .comment       0x00000043       0x44 ./Drivers/STM32F7xx_HAL_Driver/Src/stm32f7xx_hal_dma.o
 .comment       0x00000043       0x44 ./Drivers/STM32F7xx_HAL_Driver/Src/stm32f7xx_hal_gpio.o
 .comment       0x00000043       0x44 ./Drivers/STM32F7xx_HAL_Driver/Src/stm32f7xx_hal_i2c.o
 .comment       0x00000043       0x44 ./Drivers/STM32F7xx_HAL_Driver/Src/stm32f7xx_hal_i2c_ex.o
 .comment       0x00000043       0x44 ./Drivers/STM32F7xx_HAL_Driver/Src/stm32f7xx_hal_rcc.o
 .comment       0x00000043       0x44 ./Drivers/STM32F7xx_HAL_Driver/Src/stm32f7xx_hal_rcc_ex.o
 .comment       0x00000043       0x44 ./Drivers/STM32F7xx_HAL_Driver/Src/stm32f7xx_hal_uart.o

.debug_frame    0x00000000     0x37a8
 .debug_frame   0x00000000       0xc4 ./Core/Src/cli.o
 .debug_frame   0x000000c4       0x7c ./Core/Src/dac.o
 .debug_frame   0x00000140       0xe0 ./Core/Src/led.o
 .debug_frame   0x00000220      0x154 ./Core/Src/main.o
 .debug_frame   0x00000374       0x74 ./Core/Src/pci100.o
 .debug_frame   0x000003e8      0x160 ./Core/Src/stm32f7xx_hal_msp.o
 .debug_frame   0x00000548      0x174 ./Core/Src/stm32f7xx_it.o
 .debug_frame   0x000006bc       0x58 ./Core/Src/system_stm32f7xx.o
 .debug_frame   0x00000714       0x5c ./Core/Src/utils.o
 .debug_frame   0x00000770      0x3b4 ./Drivers/STM32F7xx_HAL_Driver/Src/stm32f7xx_hal.o
 .debug_frame   0x00000b24      0x3fc ./Drivers/STM32F7xx_HAL_Driver/Src/stm32f7xx_hal_adc.o
 .debug_frame   0x00000f20      0x4e8 ./Drivers/STM32F7xx_HAL_Driver/Src/stm32f7xx_hal_cortex.o
 .debug_frame   0x00001408      0x338 ./Drivers/STM32F7xx_HAL_Driver/Src/stm32f7xx_hal_dac.o
 .debug_frame   0x00001740      0x250 ./Drivers/STM32F7xx_HAL_Driver/Src/stm32f7xx_hal_dma.o
 .debug_frame   0x00001990      0x14c ./Drivers/STM32F7xx_HAL_Driver/Src/stm32f7xx_hal_gpio.o
 .debug_frame   0x00001adc      0xc38 ./Drivers/STM32F7xx_HAL_Driver/Src/stm32f7xx_hal_i2c.o
 .debug_frame   0x00002714       0xb0 ./Drivers/STM32F7xx_HAL_Driver/Src/stm32f7xx_hal_i2c_ex.o
 .debug_frame   0x000027c4      0x1f8 ./Drivers/STM32F7xx_HAL_Driver/Src/stm32f7xx_hal_rcc.o
 .debug_frame   0x000029bc      0x118 ./Drivers/STM32F7xx_HAL_Driver/Src/stm32f7xx_hal_rcc_ex.o
 .debug_frame   0x00002ad4      0x9e8 ./Drivers/STM32F7xx_HAL_Driver/Src/stm32f7xx_hal_uart.o
 .debug_frame   0x000034bc       0x30 C:/ST/STM32CubeIDE_1.10.1/STM32CubeIDE/plugins/com.st.stm32cube.ide.mcu.externaltools.gnu-tools-for-stm32.12.3.rel1.win32_1.1.0.202410251130/tools/bin/../lib/gcc/arm-none-eabi/12.3.1/../../../../arm-none-eabi/lib/thumb/v7e-m+fp/hard\libc_nano.a(libc_a-atoi.o)
 .debug_frame   0x000034ec       0x64 C:/ST/STM32CubeIDE_1.10.1/STM32CubeIDE/plugins/com.st.stm32cube.ide.mcu.externaltools.gnu-tools-for-stm32.12.3.rel1.win32_1.1.0.202410251130/tools/bin/../lib/gcc/arm-none-eabi/12.3.1/../../../../arm-none-eabi/lib/thumb/v7e-m+fp/hard\libc_nano.a(libc_a-strtol.o)
 .debug_frame   0x00003550      0x144 C:/ST/STM32CubeIDE_1.10.1/STM32CubeIDE/plugins/com.st.stm32cube.ide.mcu.externaltools.gnu-tools-for-stm32.12.3.rel1.win32_1.1.0.202410251130/tools/bin/../lib/gcc/arm-none-eabi/12.3.1/../../../../arm-none-eabi/lib/thumb/v7e-m+fp/hard\libc_nano.a(libc_a-findfp.o)
 .debug_frame   0x00003694       0x20 C:/ST/STM32CubeIDE_1.10.1/STM32CubeIDE/plugins/com.st.stm32cube.ide.mcu.externaltools.gnu-tools-for-stm32.12.3.rel1.win32_1.1.0.202410251130/tools/bin/../lib/gcc/arm-none-eabi/12.3.1/../../../../arm-none-eabi/lib/thumb/v7e-m+fp/hard\libc_nano.a(libc_a-memset.o)
 .debug_frame   0x000036b4       0x28 C:/ST/STM32CubeIDE_1.10.1/STM32CubeIDE/plugins/com.st.stm32cube.ide.mcu.externaltools.gnu-tools-for-stm32.12.3.rel1.win32_1.1.0.202410251130/tools/bin/../lib/gcc/arm-none-eabi/12.3.1/../../../../arm-none-eabi/lib/thumb/v7e-m+fp/hard\libc_nano.a(libc_a-strncmp.o)
 .debug_frame   0x000036dc       0x20 C:/ST/STM32CubeIDE_1.10.1/STM32CubeIDE/plugins/com.st.stm32cube.ide.mcu.externaltools.gnu-tools-for-stm32.12.3.rel1.win32_1.1.0.202410251130/tools/bin/../lib/gcc/arm-none-eabi/12.3.1/../../../../arm-none-eabi/lib/thumb/v7e-m+fp/hard\libc_nano.a(libc_a-errno.o)
 .debug_frame   0x000036fc       0x2c C:/ST/STM32CubeIDE_1.10.1/STM32CubeIDE/plugins/com.st.stm32cube.ide.mcu.externaltools.gnu-tools-for-stm32.12.3.rel1.win32_1.1.0.202410251130/tools/bin/../lib/gcc/arm-none-eabi/12.3.1/../../../../arm-none-eabi/lib/thumb/v7e-m+fp/hard\libc_nano.a(libc_a-init.o)
 .debug_frame   0x00003728       0x20 C:/ST/STM32CubeIDE_1.10.1/STM32CubeIDE/plugins/com.st.stm32cube.ide.mcu.externaltools.gnu-tools-for-stm32.12.3.rel1.win32_1.1.0.202410251130/tools/bin/../lib/gcc/arm-none-eabi/12.3.1/../../../../arm-none-eabi/lib/thumb/v7e-m+fp/hard\libc_nano.a(libc_a-strcmp.o)
 .debug_frame   0x00003748       0x2c C:/ST/STM32CubeIDE_1.10.1/STM32CubeIDE/plugins/com.st.stm32cube.ide.mcu.externaltools.gnu-tools-for-stm32.12.3.rel1.win32_1.1.0.202410251130/tools/bin/../lib/gcc/arm-none-eabi/12.3.1/thumb/v7e-m+fp/hard\libgcc.a(_aeabi_uldivmod.o)
 .debug_frame   0x00003774       0x34 C:/ST/STM32CubeIDE_1.10.1/STM32CubeIDE/plugins/com.st.stm32cube.ide.mcu.externaltools.gnu-tools-for-stm32.12.3.rel1.win32_1.1.0.202410251130/tools/bin/../lib/gcc/arm-none-eabi/12.3.1/thumb/v7e-m+fp/hard\libgcc.a(_udivmoddi4.o)

.debug_line_str
                0x00000000       0x49
 .debug_line_str
                0x00000000       0x49 ./Core/Startup/startup_stm32f722rctx.o
