../Core/Src/main.c:82:5:main	1048	static
../Core/Src/main.c:150:6:SystemClock_Config	88	static
../Core/Src/main.c:192:13:MX_ADC1_Init	24	static
../Core/Src/main.c:244:13:MX_DAC_Init	16	static
../Core/Src/main.c:284:13:MX_I2C1_Init	8	static
../Core/Src/main.c:332:13:MX_USART1_UART_Init	8	static
../Core/Src/main.c:365:13:MX_DMA_Init	16	static
../Core/Src/main.c:386:13:MX_GPIO_Init	48	static
../Core/Src/main.c:456:6:MPU_Config	24	static
../Core/Src/main.c:487:6:Error_Handler	4	static,ignoring_inline_asm
