../Core/Src/main.c:82:5:main	1048	static
../Core/Src/main.c:153:6:SystemClock_Config	88	static
../Core/Src/main.c:195:13:MX_ADC1_Init	24	static
../Core/Src/main.c:247:13:MX_DAC_Init	16	static
../Core/Src/main.c:287:13:MX_I2C1_Init	8	static
../Core/Src/main.c:335:13:MX_USART1_UART_Init	8	static
../Core/Src/main.c:368:13:MX_DMA_Init	16	static
../Core/Src/main.c:389:13:MX_GPIO_Init	48	static
../Core/Src/main.c:459:6:MPU_Config	24	static
../Core/Src/main.c:490:6:Error_Handler	4	static,ignoring_inline_asm
